<?xml version="1.0" encoding="ISO-8859-1" ?>
<link_info>
   <banner>TI ARM Linker PC v18.12.3.LTS</banner>
   <copyright>Copyright (c) 1996-2018 Texas Instruments Incorporated</copyright>
   <link_time>0x5ea50fc9</link_time>
   <link_errors>0x0</link_errors>
   <output_file>freertos_demo.out</output_file>
   <entry_point>
      <name>_c_int00_noargs</name>
      <address>0x236d</address>
   </entry_point>
   <input_file_list>
      <input_file id="fl-2">
         <path>.\</path>
         <kind>object</kind>
         <file>freertos_demo.obj</file>
         <name>freertos_demo.obj</name>
      </input_file>
      <input_file id="fl-3">
         <path>.\</path>
         <kind>object</kind>
         <file>startup_ccs.obj</file>
         <name>startup_ccs.obj</name>
      </input_file>
      <input_file id="fl-4">
         <path>.\drivers\</path>
         <kind>object</kind>
         <file>buttons.obj</file>
         <name>buttons.obj</name>
      </input_file>
      <input_file id="fl-5">
         <path>.\drivers\</path>
         <kind>object</kind>
         <file>rgb.obj</file>
         <name>rgb.obj</name>
      </input_file>
      <input_file id="fl-6">
         <path>.\src\</path>
         <kind>object</kind>
         <file>app.obj</file>
         <name>app.obj</name>
      </input_file>
      <input_file id="fl-7">
         <path>.\src\</path>
         <kind>object</kind>
         <file>morse.obj</file>
         <name>morse.obj</name>
      </input_file>
      <input_file id="fl-8">
         <path>.\src\</path>
         <kind>object</kind>
         <file>uart.obj</file>
         <name>uart.obj</name>
      </input_file>
      <input_file id="fl-9">
         <path>.\third_party\FreeRTOS\Source\</path>
         <kind>object</kind>
         <file>list.obj</file>
         <name>list.obj</name>
      </input_file>
      <input_file id="fl-a">
         <path>.\third_party\FreeRTOS\Source\</path>
         <kind>object</kind>
         <file>queue.obj</file>
         <name>queue.obj</name>
      </input_file>
      <input_file id="fl-b">
         <path>.\third_party\FreeRTOS\Source\</path>
         <kind>object</kind>
         <file>tasks.obj</file>
         <name>tasks.obj</name>
      </input_file>
      <input_file id="fl-c">
         <path>.\third_party\FreeRTOS\Source\</path>
         <kind>object</kind>
         <file>timers.obj</file>
         <name>timers.obj</name>
      </input_file>
      <input_file id="fl-d">
         <path>.\third_party\FreeRTOS\Source\portable\CCS\ARM_CM4F\</path>
         <kind>object</kind>
         <file>port.obj</file>
         <name>port.obj</name>
      </input_file>
      <input_file id="fl-e">
         <path>.\third_party\FreeRTOS\Source\portable\CCS\ARM_CM4F\</path>
         <kind>object</kind>
         <file>portasm.obj</file>
         <name>portasm.obj</name>
      </input_file>
      <input_file id="fl-f">
         <path>.\third_party\FreeRTOS\Source\portable\MemMang\</path>
         <kind>object</kind>
         <file>heap_2.obj</file>
         <name>heap_2.obj</name>
      </input_file>
      <input_file id="fl-10">
         <path>.\utils\</path>
         <kind>object</kind>
         <file>uartstdio.obj</file>
         <name>uartstdio.obj</name>
      </input_file>
      <input_file id="fl-11">
         <path>.\utils\</path>
         <kind>object</kind>
         <file>ustdlib.obj</file>
         <name>ustdlib.obj</name>
      </input_file>
      <input_file id="fl-16">
         <kind>object</kind>
         <file>&lt;internal&gt;</file>
         <name>&lt;internal&gt;</name>
      </input_file>
      <input_file id="fl-cc">
         <path>C:\ti\ccs920\ccs\tools\compiler\ti-cgt-arm_18.12.3.LTS\lib\</path>
         <kind>archive</kind>
         <file>rtsv7M4_T_le_v4SPD16_eabi.lib</file>
         <name>memset_t2.asm.obj</name>
      </input_file>
      <input_file id="fl-cd">
         <path>C:\ti\ccs920\ccs\tools\compiler\ti-cgt-arm_18.12.3.LTS\lib\</path>
         <kind>archive</kind>
         <file>rtsv7M4_T_le_v4SPD16_eabi.lib</file>
         <name>fs_toull_t2.asm.obj</name>
      </input_file>
      <input_file id="fl-ce">
         <path>C:\ti\ccs920\ccs\tools\compiler\ti-cgt-arm_18.12.3.LTS\lib\</path>
         <kind>archive</kind>
         <file>rtsv7M4_T_le_v4SPD16_eabi.lib</file>
         <name>memcpy_t2.asm.obj</name>
      </input_file>
      <input_file id="fl-cf">
         <path>C:\ti\ccs920\ccs\tools\compiler\ti-cgt-arm_18.12.3.LTS\lib\</path>
         <kind>archive</kind>
         <file>rtsv7M4_T_le_v4SPD16_eabi.lib</file>
         <name>u_divt2.asm.obj</name>
      </input_file>
      <input_file id="fl-d0">
         <path>C:\ti\ccs920\ccs\tools\compiler\ti-cgt-arm_18.12.3.LTS\lib\</path>
         <kind>archive</kind>
         <file>rtsv7M4_T_le_v4SPD16_eabi.lib</file>
         <name>copy_zero_init.c.obj</name>
      </input_file>
      <input_file id="fl-d1">
         <path>C:\ti\ccs920\ccs\tools\compiler\ti-cgt-arm_18.12.3.LTS\lib\</path>
         <kind>archive</kind>
         <file>rtsv7M4_T_le_v4SPD16_eabi.lib</file>
         <name>copy_decompress_none.c.obj</name>
      </input_file>
      <input_file id="fl-d2">
         <path>C:\ti\ccs920\ccs\tools\compiler\ti-cgt-arm_18.12.3.LTS\lib\</path>
         <kind>archive</kind>
         <file>rtsv7M4_T_le_v4SPD16_eabi.lib</file>
         <name>copy_decompress_lzss.c.obj</name>
      </input_file>
      <input_file id="fl-d3">
         <path>C:\ti\ccs920\ccs\tools\compiler\ti-cgt-arm_18.12.3.LTS\lib\</path>
         <kind>archive</kind>
         <file>rtsv7M4_T_le_v4SPD16_eabi.lib</file>
         <name>boot_cortex_m.c.obj</name>
      </input_file>
      <input_file id="fl-d4">
         <path>C:\ti\ccs920\ccs\tools\compiler\ti-cgt-arm_18.12.3.LTS\lib\</path>
         <kind>archive</kind>
         <file>rtsv7M4_T_le_v4SPD16_eabi.lib</file>
         <name>div0.asm.obj</name>
      </input_file>
      <input_file id="fl-d5">
         <path>C:\ti\ccs920\ccs\tools\compiler\ti-cgt-arm_18.12.3.LTS\lib\</path>
         <kind>archive</kind>
         <file>rtsv7M4_T_le_v4SPD16_eabi.lib</file>
         <name>autoinit.c.obj</name>
      </input_file>
      <input_file id="fl-d6">
         <path>C:\ti\ccs920\ccs\tools\compiler\ti-cgt-arm_18.12.3.LTS\lib\</path>
         <kind>archive</kind>
         <file>rtsv7M4_T_le_v4SPD16_eabi.lib</file>
         <name>pre_init.c.obj</name>
      </input_file>
      <input_file id="fl-d7">
         <path>C:\ti\ccs920\ccs\tools\compiler\ti-cgt-arm_18.12.3.LTS\lib\</path>
         <kind>archive</kind>
         <file>rtsv7M4_T_le_v4SPD16_eabi.lib</file>
         <name>cpy_tbl.c.obj</name>
      </input_file>
      <input_file id="fl-d8">
         <path>C:\ti\ccs920\ccs\tools\compiler\ti-cgt-arm_18.12.3.LTS\lib\</path>
         <kind>archive</kind>
         <file>rtsv7M4_T_le_v4SPD16_eabi.lib</file>
         <name>exit.c.obj</name>
      </input_file>
      <input_file id="fl-d9">
         <path>C:\ti\ccs920\ccs\tools\compiler\ti-cgt-arm_18.12.3.LTS\lib\</path>
         <kind>archive</kind>
         <file>rtsv7M4_T_le_v4SPD16_eabi.lib</file>
         <name>_lock.c.obj</name>
      </input_file>
      <input_file id="fl-da">
         <path>C:\ti\ccs920\ccs\tools\compiler\ti-cgt-arm_18.12.3.LTS\lib\</path>
         <kind>archive</kind>
         <file>rtsv7M4_T_le_v4SPD16_eabi.lib</file>
         <name>args_main.c.obj</name>
      </input_file>
      <input_file id="fl-db">
         <path>C:\ti\tivaware_c_series_2_1_4_178\driverlib\ccs\Debug\</path>
         <kind>archive</kind>
         <file>driverlib.lib</file>
         <name>gpio.obj</name>
      </input_file>
      <input_file id="fl-dc">
         <path>C:\ti\tivaware_c_series_2_1_4_178\driverlib\ccs\Debug\</path>
         <kind>archive</kind>
         <file>driverlib.lib</file>
         <name>interrupt.obj</name>
      </input_file>
      <input_file id="fl-dd">
         <path>C:\ti\tivaware_c_series_2_1_4_178\driverlib\ccs\Debug\</path>
         <kind>archive</kind>
         <file>driverlib.lib</file>
         <name>sysctl.obj</name>
      </input_file>
      <input_file id="fl-de">
         <path>C:\ti\tivaware_c_series_2_1_4_178\driverlib\ccs\Debug\</path>
         <kind>archive</kind>
         <file>driverlib.lib</file>
         <name>timer.obj</name>
      </input_file>
      <input_file id="fl-df">
         <path>C:\ti\tivaware_c_series_2_1_4_178\driverlib\ccs\Debug\</path>
         <kind>archive</kind>
         <file>driverlib.lib</file>
         <name>uart.obj</name>
      </input_file>
      <input_file id="fl-e0">
         <path>C:\ti\tivaware_c_series_2_1_4_178\driverlib\ccs\Debug\</path>
         <kind>archive</kind>
         <file>driverlib.lib</file>
         <name>cpu.obj</name>
      </input_file>
   </input_file_list>
   <object_component_list>
      <object_component id="oc-f">
         <name>.intvecs</name>
         <load_address>0x0</load_address>
         <run_address>0x0</run_address>
         <size>0x26c</size>
         <input_file_ref idref="fl-3"/>
      </object_component>
      <object_component id="oc-21f">
         <name>.text:UARTvprintf</name>
         <load_address>0x26c</load_address>
         <run_address>0x26c</run_address>
         <size>0x208</size>
         <input_file_ref idref="fl-10"/>
      </object_component>
      <object_component id="oc-473">
         <name>.text:GPIOPadConfigSet</name>
         <load_address>0x474</load_address>
         <run_address>0x474</run_address>
         <size>0x132</size>
         <input_file_ref idref="fl-db"/>
      </object_component>
      <object_component id="oc-30">
         <name>.text:FaultISR</name>
         <load_address>0x5a6</load_address>
         <run_address>0x5a6</run_address>
         <size>0x2</size>
         <input_file_ref idref="fl-3"/>
      </object_component>
      <object_component id="oc-297">
         <name>.text:xQueueGenericReceive</name>
         <load_address>0x5a8</load_address>
         <run_address>0x5a8</run_address>
         <size>0x128</size>
         <input_file_ref idref="fl-a"/>
      </object_component>
      <object_component id="oc-496">
         <name>.text:SysCtlClockGet</name>
         <load_address>0x6d0</load_address>
         <run_address>0x6d0</run_address>
         <size>0x110</size>
         <input_file_ref idref="fl-dd"/>
      </object_component>
      <object_component id="oc-9e">
         <name>.text:xTaskIncrementTick</name>
         <load_address>0x7e0</load_address>
         <run_address>0x7e0</run_address>
         <size>0x108</size>
         <input_file_ref idref="fl-b"/>
      </object_component>
      <object_component id="oc-2b0">
         <name>.text:xQueueGenericSend</name>
         <load_address>0x8e8</load_address>
         <run_address>0x8e8</run_address>
         <size>0xfc</size>
         <input_file_ref idref="fl-a"/>
      </object_component>
      <object_component id="oc-19f">
         <name>.text:xTaskGenericCreate</name>
         <load_address>0x9e4</load_address>
         <run_address>0x9e4</run_address>
         <size>0xfc</size>
         <input_file_ref idref="fl-b"/>
      </object_component>
      <object_component id="oc-308">
         <name>.text:xTaskResumeAll</name>
         <load_address>0xae0</load_address>
         <run_address>0xae0</run_address>
         <size>0xec</size>
         <input_file_ref idref="fl-b"/>
      </object_component>
      <object_component id="oc-457">
         <name>.text:prvProcessReceivedCommands</name>
         <load_address>0xbcc</load_address>
         <run_address>0xbcc</run_address>
         <size>0xe8</size>
         <input_file_ref idref="fl-c"/>
      </object_component>
      <object_component id="oc-3c">
         <name>.text</name>
         <load_address>0xcb4</load_address>
         <run_address>0xcb4</run_address>
         <size>0xd2</size>
         <input_file_ref idref="fl-e"/>
      </object_component>
      <object_component id="oc-36">
         <name>.text:IntDefaultHandler</name>
         <load_address>0xd86</load_address>
         <run_address>0xd86</run_address>
         <size>0x2</size>
         <input_file_ref idref="fl-3"/>
      </object_component>
      <object_component id="oc-102">
         <name>.text:main</name>
         <load_address>0xd88</load_address>
         <run_address>0xd88</run_address>
         <size>0xbc</size>
         <input_file_ref idref="fl-2"/>
      </object_component>
      <object_component id="oc-291">
         <name>.text:xTaskGenericNotify</name>
         <load_address>0xe44</load_address>
         <run_address>0xe44</run_address>
         <size>0xb4</size>
         <input_file_ref idref="fl-b"/>
      </object_component>
      <object_component id="oc-2b6">
         <name>.text:ulTaskNotifyTake</name>
         <load_address>0xef8</load_address>
         <run_address>0xef8</run_address>
         <size>0xb0</size>
         <input_file_ref idref="fl-b"/>
      </object_component>
      <object_component id="oc-29d">
         <name>.text:LEDWrite</name>
         <load_address>0xfa8</load_address>
         <run_address>0xfa8</run_address>
         <size>0xa8</size>
         <input_file_ref idref="fl-6"/>
      </object_component>
      <object_component id="oc-22c">
         <name>.text:pvPortMalloc</name>
         <load_address>0x1050</load_address>
         <run_address>0x1050</run_address>
         <size>0xa0</size>
         <input_file_ref idref="fl-f"/>
      </object_component>
      <object_component id="oc-2a4">
         <name>.text:UARTgets</name>
         <load_address>0x10f0</load_address>
         <run_address>0x10f0</run_address>
         <size>0x9c</size>
         <input_file_ref idref="fl-10"/>
      </object_component>
      <object_component id="oc-5b">
         <name>.text</name>
         <load_address>0x118c</load_address>
         <run_address>0x118c</run_address>
         <size>0x9c</size>
         <input_file_ref idref="fl-ce"/>
      </object_component>
      <object_component id="oc-3a6">
         <name>.text:vTaskPriorityInherit</name>
         <load_address>0x1228</load_address>
         <run_address>0x1228</run_address>
         <size>0x98</size>
         <input_file_ref idref="fl-b"/>
      </object_component>
      <object_component id="oc-97">
         <name>.text:vTaskSwitchContext</name>
         <load_address>0x12c0</load_address>
         <run_address>0x12c0</run_address>
         <size>0x94</size>
         <input_file_ref idref="fl-b"/>
      </object_component>
      <object_component id="oc-bd">
         <name>.text:vTaskNotifyGiveFromISR</name>
         <load_address>0x1354</load_address>
         <run_address>0x1354</run_address>
         <size>0x90</size>
         <input_file_ref idref="fl-b"/>
      </object_component>
      <object_component id="oc-4bb">
         <name>.text:xTaskPriorityDisinherit</name>
         <load_address>0x13e4</load_address>
         <run_address>0x13e4</run_address>
         <size>0x84</size>
         <input_file_ref idref="fl-b"/>
      </object_component>
      <object_component id="oc-47">
         <name>.text:myTimerIntHandler</name>
         <load_address>0x1468</load_address>
         <run_address>0x1468</run_address>
         <size>0x7c</size>
         <input_file_ref idref="fl-6"/>
      </object_component>
      <object_component id="oc-f6">
         <name>.text</name>
         <load_address>0x14e4</load_address>
         <run_address>0x14e4</run_address>
         <size>0x7a</size>
         <input_file_ref idref="fl-cc"/>
      </object_component>
      <object_component id="oc-2a">
         <name>.text:NmiSR</name>
         <load_address>0x155e</load_address>
         <run_address>0x155e</run_address>
         <size>0x2</size>
         <input_file_ref idref="fl-3"/>
      </object_component>
      <object_component id="oc-517">
         <name>.text:prvSwitchTimerLists</name>
         <load_address>0x1560</load_address>
         <run_address>0x1560</run_address>
         <size>0x78</size>
         <input_file_ref idref="fl-c"/>
      </object_component>
      <object_component id="oc-319">
         <name>.text:xTaskRemoveFromEventList</name>
         <load_address>0x15d8</load_address>
         <run_address>0x15d8</run_address>
         <size>0x78</size>
         <input_file_ref idref="fl-b"/>
      </object_component>
      <object_component id="oc-3d8">
         <name>.text:prvCopyDataToQueue</name>
         <load_address>0x1650</load_address>
         <run_address>0x1650</run_address>
         <size>0x76</size>
         <input_file_ref idref="fl-a"/>
      </object_component>
      <object_component id="oc-410">
         <name>.text</name>
         <load_address>0x16c6</load_address>
         <run_address>0x16c6</run_address>
         <size>0x2</size>
         <input_file_ref idref="fl-d4"/>
      </object_component>
      <object_component id="oc-2aa">
         <name>.text:DecodeString</name>
         <load_address>0x16c8</load_address>
         <run_address>0x16c8</run_address>
         <size>0x74</size>
         <input_file_ref idref="fl-7"/>
      </object_component>
      <object_component id="oc-1b3">
         <name>.text:GetAndTranslateTask</name>
         <load_address>0x173c</load_address>
         <run_address>0x173c</run_address>
         <size>0x74</size>
         <input_file_ref idref="fl-6"/>
      </object_component>
      <object_component id="oc-232">
         <name>.text:xQueueGenericReset</name>
         <load_address>0x17b0</load_address>
         <run_address>0x17b0</run_address>
         <size>0x74</size>
         <input_file_ref idref="fl-a"/>
      </object_component>
      <object_component id="oc-1ac">
         <name>.text:FlashMorseTask</name>
         <load_address>0x1824</load_address>
         <run_address>0x1824</run_address>
         <size>0x70</size>
         <input_file_ref idref="fl-6"/>
      </object_component>
      <object_component id="oc-451">
         <name>.text:prvProcessTimerOrBlockTask</name>
         <load_address>0x1894</load_address>
         <run_address>0x1894</run_address>
         <size>0x70</size>
         <input_file_ref idref="fl-c"/>
      </object_component>
      <object_component id="oc-18d">
         <name>.text:ConfigureUART</name>
         <load_address>0x1904</load_address>
         <run_address>0x1904</run_address>
         <size>0x6c</size>
         <input_file_ref idref="fl-8"/>
      </object_component>
      <object_component id="oc-b1">
         <name>.text:IntDisable</name>
         <load_address>0x1970</load_address>
         <run_address>0x1970</run_address>
         <size>0x68</size>
         <input_file_ref idref="fl-dc"/>
      </object_component>
      <object_component id="oc-4a2">
         <name>.text:IntEnable</name>
         <load_address>0x19d8</load_address>
         <run_address>0x19d8</run_address>
         <size>0x68</size>
         <input_file_ref idref="fl-dc"/>
      </object_component>
      <object_component id="oc-218">
         <name>.text:UARTStdioConfig</name>
         <load_address>0x1a40</load_address>
         <run_address>0x1a40</run_address>
         <size>0x68</size>
         <input_file_ref idref="fl-10"/>
      </object_component>
      <object_component id="oc-12">
         <name>.text:decompress:lzss:__TI_decompress_lzss</name>
         <load_address>0x1aa8</load_address>
         <run_address>0x1aa8</run_address>
         <size>0x68</size>
         <input_file_ref idref="fl-d2"/>
      </object_component>
      <object_component id="oc-253">
         <name>.text:prvInitialiseTaskLists</name>
         <load_address>0x1b10</load_address>
         <run_address>0x1b10</run_address>
         <size>0x68</size>
         <input_file_ref idref="fl-b"/>
      </object_component>
      <object_component id="oc-1a5">
         <name>.text:vTaskStartScheduler</name>
         <load_address>0x1b78</load_address>
         <run_address>0x1b78</run_address>
         <size>0x68</size>
         <input_file_ref idref="fl-b"/>
      </object_component>
      <object_component id="oc-36e">
         <name>.text:prvCheckTasksWaitingTermination</name>
         <load_address>0x1be0</load_address>
         <run_address>0x1be0</run_address>
         <size>0x64</size>
         <input_file_ref idref="fl-b"/>
      </object_component>
      <object_component id="oc-39a">
         <name>.text:prvUnlockQueue</name>
         <load_address>0x1c44</load_address>
         <run_address>0x1c44</run_address>
         <size>0x62</size>
         <input_file_ref idref="fl-a"/>
      </object_component>
      <object_component id="oc-11a">
         <name>.text:vApplicationStackOverflowHook</name>
         <load_address>0x1ca6</load_address>
         <run_address>0x1ca6</run_address>
         <size>0x2</size>
         <input_file_ref idref="fl-2"/>
      </object_component>
      <object_component id="oc-279">
         <name>.text:TimerConfigure</name>
         <load_address>0x1ca8</load_address>
         <run_address>0x1ca8</run_address>
         <size>0x60</size>
         <input_file_ref idref="fl-de"/>
      </object_component>
      <object_component id="oc-394">
         <name>.text:xTaskCheckForTimeOut</name>
         <load_address>0x1d08</load_address>
         <run_address>0x1d08</run_address>
         <size>0x60</size>
         <input_file_ref idref="fl-b"/>
      </object_component>
      <object_component id="oc-354">
         <name>.text:prvCheckForValidListAndQueue</name>
         <load_address>0x1d68</load_address>
         <run_address>0x1d68</run_address>
         <size>0x5c</size>
         <input_file_ref idref="fl-c"/>
      </object_component>
      <object_component id="oc-52c">
         <name>.text:xQueueGenericSendFromISR</name>
         <load_address>0x1dc4</load_address>
         <run_address>0x1dc4</run_address>
         <size>0x5c</size>
         <input_file_ref idref="fl-a"/>
      </object_component>
      <object_component id="oc-4e6">
         <name>.text:prvProcessExpiredTimer</name>
         <load_address>0x1e20</load_address>
         <run_address>0x1e20</run_address>
         <size>0x58</size>
         <input_file_ref idref="fl-c"/>
      </object_component>
      <object_component id="oc-3ac">
         <name>.text:vTaskPlaceOnEventList</name>
         <load_address>0x1e78</load_address>
         <run_address>0x1e78</run_address>
         <size>0x58</size>
         <input_file_ref idref="fl-b"/>
      </object_component>
      <object_component id="oc-51d">
         <name>.text:vTaskPlaceOnEventListRestricted</name>
         <load_address>0x1ed0</load_address>
         <run_address>0x1ed0</run_address>
         <size>0x58</size>
         <input_file_ref idref="fl-b"/>
      </object_component>
      <object_component id="oc-4f3">
         <name>.text:xTimerGenericCommand</name>
         <load_address>0x1f28</load_address>
         <run_address>0x1f28</run_address>
         <size>0x54</size>
         <input_file_ref idref="fl-c"/>
      </object_component>
      <object_component id="oc-241">
         <name>.text:prvInitialiseTCBVariables</name>
         <load_address>0x1f7c</load_address>
         <run_address>0x1f7c</run_address>
         <size>0x50</size>
         <input_file_ref idref="fl-b"/>
      </object_component>
      <object_component id="oc-2eb">
         <name>.text:UARTwrite</name>
         <load_address>0x1fcc</load_address>
         <run_address>0x1fcc</run_address>
         <size>0x4c</size>
         <input_file_ref idref="fl-10"/>
      </object_component>
      <object_component id="oc-285">
         <name>.text:init_led_gpio</name>
         <load_address>0x2018</load_address>
         <run_address>0x2018</run_address>
         <size>0x4c</size>
         <input_file_ref idref="fl-6"/>
      </object_component>
      <object_component id="oc-3df">
         <name>.text:prvAddCurrentTaskToDelayedList</name>
         <load_address>0x2064</load_address>
         <run_address>0x2064</run_address>
         <size>0x4c</size>
         <input_file_ref idref="fl-b"/>
      </object_component>
      <object_component id="oc-4ed">
         <name>.text:prvInsertTimerInActiveList</name>
         <load_address>0x20b0</load_address>
         <run_address>0x20b0</run_address>
         <size>0x4c</size>
         <input_file_ref idref="fl-c"/>
      </object_component>
      <object_component id="oc-1c6">
         <name>.text:__TI_auto_init_nobinit_nopinit:__TI_auto_init_nobinit_nopinit</name>
         <load_address>0x20fc</load_address>
         <run_address>0x20fc</run_address>
         <size>0x44</size>
         <input_file_ref idref="fl-d5"/>
      </object_component>
      <object_component id="oc-260">
         <name>.text:xTimerCreateTimerTask</name>
         <load_address>0x2140</load_address>
         <run_address>0x2140</run_address>
         <size>0x44</size>
         <input_file_ref idref="fl-c"/>
      </object_component>
      <object_component id="oc-199">
         <name>.text:xQueueGenericCreate</name>
         <load_address>0x2184</load_address>
         <run_address>0x2184</run_address>
         <size>0x42</size>
         <input_file_ref idref="fl-a"/>
      </object_component>
      <object_component id="oc-2f1">
         <name>.text</name>
         <load_address>0x21c6</load_address>
         <run_address>0x21c6</run_address>
         <size>0x40</size>
         <input_file_ref idref="fl-cf"/>
      </object_component>
      <object_component id="oc-4e0">
         <name>.text:vQueueWaitForMessageRestricted</name>
         <load_address>0x2206</load_address>
         <run_address>0x2206</run_address>
         <size>0x40</size>
         <input_file_ref idref="fl-a"/>
      </object_component>
      <object_component id="oc-266">
         <name>.text:xPortStartScheduler</name>
         <load_address>0x2248</load_address>
         <run_address>0x2248</run_address>
         <size>0x40</size>
         <input_file_ref idref="fl-d"/>
      </object_component>
      <object_component id="oc-23b">
         <name>.text:prvAllocateTCBAndStack</name>
         <load_address>0x2288</load_address>
         <run_address>0x2288</run_address>
         <size>0x3e</size>
         <input_file_ref idref="fl-b"/>
      </object_component>
      <object_component id="oc-32d">
         <name>.text:vPortFree</name>
         <load_address>0x22c8</load_address>
         <run_address>0x22c8</run_address>
         <size>0x3c</size>
         <input_file_ref idref="fl-f"/>
      </object_component>
      <object_component id="oc-3bf">
         <name>.text:StartMorseTimer</name>
         <load_address>0x2304</load_address>
         <run_address>0x2304</run_address>
         <size>0x34</size>
         <input_file_ref idref="fl-6"/>
      </object_component>
      <object_component id="oc-273">
         <name>.text:SysCtlPeripheralEnable</name>
         <load_address>0x2338</load_address>
         <run_address>0x2338</run_address>
         <size>0x34</size>
         <input_file_ref idref="fl-dd"/>
      </object_component>
      <object_component id="oc-79">
         <name>.text:_c_int00_noargs:_c_int00_noargs</name>
         <load_address>0x236c</load_address>
         <run_address>0x236c</run_address>
         <size>0x34</size>
         <input_file_ref idref="fl-d3"/>
      </object_component>
      <object_component id="oc-48d">
         <name>.text:vListInsert</name>
         <load_address>0x23a0</load_address>
         <run_address>0x23a0</run_address>
         <size>0x32</size>
         <input_file_ref idref="fl-9"/>
      </object_component>
      <object_component id="oc-302">
         <name>.text:prvHeapInit</name>
         <load_address>0x23d4</load_address>
         <run_address>0x23d4</run_address>
         <size>0x30</size>
         <input_file_ref idref="fl-f"/>
      </object_component>
      <object_component id="oc-43b">
         <name>.text:vQueueAddToRegistry</name>
         <load_address>0x2404</load_address>
         <run_address>0x2404</run_address>
         <size>0x30</size>
         <input_file_ref idref="fl-a"/>
      </object_component>
      <object_component id="oc-124">
         <name>.text:prvResetNextTaskUnblockTime</name>
         <load_address>0x2434</load_address>
         <run_address>0x2434</run_address>
         <size>0x2c</size>
         <input_file_ref idref="fl-b"/>
      </object_component>
      <object_component id="oc-4de">
         <name>.text:prvSampleTimeNow</name>
         <load_address>0x2460</load_address>
         <run_address>0x2460</run_address>
         <size>0x2c</size>
         <input_file_ref idref="fl-c"/>
      </object_component>
      <object_component id="oc-41">
         <name>.text:xPortSysTickHandler</name>
         <load_address>0x248c</load_address>
         <run_address>0x248c</run_address>
         <size>0x2c</size>
         <input_file_ref idref="fl-d"/>
      </object_component>
      <object_component id="oc-479">
         <name>.text:GPIODirModeSet</name>
         <load_address>0x24b8</load_address>
         <run_address>0x24b8</run_address>
         <size>0x2a</size>
         <input_file_ref idref="fl-db"/>
      </object_component>
      <object_component id="oc-3c7">
         <name>.text:LookupIdx</name>
         <load_address>0x24e2</load_address>
         <run_address>0x24e2</run_address>
         <size>0x2a</size>
         <input_file_ref idref="fl-7"/>
      </object_component>
      <object_component id="oc-3b2">
         <name>.text:prvCopyDataFromQueue</name>
         <load_address>0x250c</load_address>
         <run_address>0x250c</run_address>
         <size>0x28</size>
         <input_file_ref idref="fl-a"/>
      </object_component>
      <object_component id="oc-247">
         <name>.text:pxPortInitialiseStack</name>
         <load_address>0x2534</load_address>
         <run_address>0x2534</run_address>
         <size>0x28</size>
         <input_file_ref idref="fl-d"/>
      </object_component>
      <object_component id="oc-12a">
         <name>.text:uxListRemove</name>
         <load_address>0x255c</load_address>
         <run_address>0x255c</run_address>
         <size>0x26</size>
         <input_file_ref idref="fl-9"/>
      </object_component>
      <object_component id="oc-44b">
         <name>.text:prvGetNextExpireTime</name>
         <load_address>0x2584</load_address>
         <run_address>0x2584</run_address>
         <size>0x24</size>
         <input_file_ref idref="fl-c"/>
      </object_component>
      <object_component id="oc-526">
         <name>.text:xTaskGetSchedulerState</name>
         <load_address>0x25a8</load_address>
         <run_address>0x25a8</run_address>
         <size>0x20</size>
         <input_file_ref idref="fl-b"/>
      </object_component>
      <object_component id="oc-3d2">
         <name>.text:prvIsQueueFull</name>
         <load_address>0x25c8</load_address>
         <run_address>0x25c8</run_address>
         <size>0x1e</size>
         <input_file_ref idref="fl-a"/>
      </object_component>
      <object_component id="oc-31f">
         <name>.text:vListInitialise</name>
         <load_address>0x25e6</load_address>
         <run_address>0x25e6</run_address>
         <size>0x1e</size>
         <input_file_ref idref="fl-9"/>
      </object_component>
      <object_component id="oc-24d">
         <name>.text:vPortEnterCritical</name>
         <load_address>0x2604</load_address>
         <run_address>0x2604</run_address>
         <size>0x1c</size>
         <input_file_ref idref="fl-d"/>
      </object_component>
      <object_component id="oc-193">
         <name>.text:UARTprintf</name>
         <load_address>0x2620</load_address>
         <run_address>0x2620</run_address>
         <size>0x1a</size>
         <input_file_ref idref="fl-10"/>
      </object_component>
      <object_component id="oc-3a0">
         <name>.text:prvIsQueueEmpty</name>
         <load_address>0x263a</load_address>
         <run_address>0x263a</run_address>
         <size>0x1a</size>
         <input_file_ref idref="fl-a"/>
      </object_component>
      <object_component id="oc-37f">
         <name>.text:GPIOPinTypeGPIOOutput</name>
         <load_address>0x2654</load_address>
         <run_address>0x2654</run_address>
         <size>0x18</size>
         <input_file_ref idref="fl-db"/>
      </object_component>
      <object_component id="oc-b7">
         <name>.text:TimerDisable</name>
         <load_address>0x266c</load_address>
         <run_address>0x266c</run_address>
         <size>0x18</size>
         <input_file_ref idref="fl-de"/>
      </object_component>
      <object_component id="oc-3b8">
         <name>.text:pvTaskIncrementMutexHeldCount</name>
         <load_address>0x2684</load_address>
         <run_address>0x2684</run_address>
         <size>0x18</size>
         <input_file_ref idref="fl-b"/>
      </object_component>
      <object_component id="oc-130">
         <name>.text:vListInsertEnd</name>
         <load_address>0x269c</load_address>
         <run_address>0x269c</run_address>
         <size>0x18</size>
         <input_file_ref idref="fl-9"/>
      </object_component>
      <object_component id="oc-259">
         <name>.text:vPortExitCritical</name>
         <load_address>0x26b4</load_address>
         <run_address>0x26b4</run_address>
         <size>0x18</size>
         <input_file_ref idref="fl-d"/>
      </object_component>
      <object_component id="oc-38e">
         <name>.text:vTaskSetTimeOutState</name>
         <load_address>0x26cc</load_address>
         <run_address>0x26cc</run_address>
         <size>0x18</size>
         <input_file_ref idref="fl-b"/>
      </object_component>
      <object_component id="oc-35a">
         <name>.text:prvTimerTask</name>
         <load_address>0x26e4</load_address>
         <run_address>0x26e4</run_address>
         <size>0x14</size>
         <input_file_ref idref="fl-c"/>
      </object_component>
      <object_component id="oc-367">
         <name>.text:vPortSetupTimerInterrupt</name>
         <load_address>0x26f8</load_address>
         <run_address>0x26f8</run_address>
         <size>0x14</size>
         <input_file_ref idref="fl-d"/>
      </object_component>
      <object_component id="oc-49c">
         <name>.text:TimerLoadSet</name>
         <load_address>0x270c</load_address>
         <run_address>0x270c</run_address>
         <size>0x12</size>
         <input_file_ref idref="fl-de"/>
      </object_component>
      <object_component id="oc-464">
         <name>.text:prvDeleteTCB</name>
         <load_address>0x271e</load_address>
         <run_address>0x271e</run_address>
         <size>0x12</size>
         <input_file_ref idref="fl-b"/>
      </object_component>
      <object_component id="oc-28b">
         <name>.text:uxQueueMessagesWaiting</name>
         <load_address>0x2730</load_address>
         <run_address>0x2730</run_address>
         <size>0x12</size>
         <input_file_ref idref="fl-a"/>
      </object_component>
      <object_component id="oc-27f">
         <name>.text:IntMasterEnable</name>
         <load_address>0x2742</load_address>
         <run_address>0x2742</run_address>
         <size>0x10</size>
         <input_file_ref idref="fl-dc"/>
      </object_component>
      <object_component id="oc-33b">
         <name>.text:prvTaskExitError</name>
         <load_address>0x2752</load_address>
         <run_address>0x2752</run_address>
         <size>0x10</size>
         <input_file_ref idref="fl-d"/>
      </object_component>
      <object_component id="oc-2fc">
         <name>.text:vTaskSuspendAll</name>
         <load_address>0x2764</load_address>
         <run_address>0x2764</run_address>
         <size>0x10</size>
         <input_file_ref idref="fl-b"/>
      </object_component>
      <object_component id="oc-4ae">
         <name>.text:TimerEnable</name>
         <load_address>0x2774</load_address>
         <run_address>0x2774</run_address>
         <size>0xe</size>
         <input_file_ref idref="fl-de"/>
      </object_component>
      <object_component id="oc-18">
         <name>.text:decompress:none:__TI_decompress_none</name>
         <load_address>0x2782</load_address>
         <run_address>0x2782</run_address>
         <size>0xe</size>
         <input_file_ref idref="fl-d1"/>
      </object_component>
      <object_component id="oc-378">
         <name>.text:CPUcpsie</name>
         <load_address>0x2790</load_address>
         <run_address>0x2790</run_address>
         <size>0xc</size>
         <input_file_ref idref="fl-e0"/>
      </object_component>
      <object_component id="oc-6d">
         <name>.text:decompress:ZI:__TI_zero_init</name>
         <load_address>0x279c</load_address>
         <run_address>0x279c</run_address>
         <size>0xc</size>
         <input_file_ref idref="fl-d0"/>
      </object_component>
      <object_component id="oc-484">
         <name>.text:vTaskMissedYield</name>
         <load_address>0x27a8</load_address>
         <run_address>0x27a8</run_address>
         <size>0xc</size>
         <input_file_ref idref="fl-b"/>
      </object_component>
      <object_component id="oc-511">
         <name>.text:xTaskGetTickCount</name>
         <load_address>0x27b4</load_address>
         <run_address>0x27b4</run_address>
         <size>0xc</size>
         <input_file_ref idref="fl-b"/>
      </object_component>
      <object_component id="oc-ab">
         <name>.text:TimerIntDisable</name>
         <load_address>0x27c0</load_address>
         <run_address>0x27c0</run_address>
         <size>0xa</size>
         <input_file_ref idref="fl-de"/>
      </object_component>
      <object_component id="oc-4a8">
         <name>.text:TimerIntEnable</name>
         <load_address>0x27ca</load_address>
         <run_address>0x27ca</run_address>
         <size>0x8</size>
         <input_file_ref idref="fl-de"/>
      </object_component>
      <object_component id="oc-26c">
         <name>.text:prvIdleTask</name>
         <load_address>0x27d2</load_address>
         <run_address>0x27d2</run_address>
         <size>0x8</size>
         <input_file_ref idref="fl-b"/>
      </object_component>
      <object_component id="oc-385">
         <name>.text:GPIOPinWrite</name>
         <load_address>0x27da</load_address>
         <run_address>0x27da</run_address>
         <size>0x6</size>
         <input_file_ref idref="fl-db"/>
      </object_component>
      <object_component id="oc-24">
         <name>.text:ResetISR</name>
         <load_address>0x27e0</load_address>
         <run_address>0x27e0</run_address>
         <size>0x6</size>
         <input_file_ref idref="fl-3"/>
      </object_component>
      <object_component id="oc-212">
         <name>.text:UARTClockSourceSet</name>
         <load_address>0x27e6</load_address>
         <run_address>0x27e6</run_address>
         <size>0x6</size>
         <input_file_ref idref="fl-df"/>
      </object_component>
      <object_component id="oc-334">
         <name>.text:vListInitialiseItem</name>
         <load_address>0x27ec</load_address>
         <run_address>0x27ec</run_address>
         <size>0x6</size>
         <input_file_ref idref="fl-9"/>
      </object_component>
      <object_component id="oc-a5">
         <name>.text:TimerIntClear</name>
         <load_address>0x27f2</load_address>
         <run_address>0x27f2</run_address>
         <size>0x4</size>
         <input_file_ref idref="fl-de"/>
      </object_component>
      <object_component id="oc-fc">
         <name>.text:_system_pre_init</name>
         <load_address>0x27f6</load_address>
         <run_address>0x27f6</run_address>
         <size>0x4</size>
         <input_file_ref idref="fl-d6"/>
      </object_component>
      <object_component id="oc-1ba">
         <name>.text:abort:abort</name>
         <load_address>0x27fa</load_address>
         <run_address>0x27fa</run_address>
         <size>0x4</size>
         <input_file_ref idref="fl-d8"/>
      </object_component>
      <object_component id="oc-142">
         <name>.const</name>
         <load_address>0x2800</load_address>
         <run_address>0x2800</run_address>
         <size>0x70</size>
         <input_file_ref idref="fl-dc"/>
      </object_component>
      <object_component id="oc-508">
         <name>.const:g_pui32Xtals</name>
         <load_address>0x2870</load_address>
         <run_address>0x2870</run_address>
         <size>0x6c</size>
         <input_file_ref idref="fl-dd"/>
      </object_component>
      <object_component id="oc-416">
         <name>.const:.string</name>
         <load_address>0x28dc</load_address>
         <run_address>0x28dc</run_address>
         <size>0x12</size>
         <input_file_ref idref="fl-10"/>
      </object_component>
      <object_component id="oc-2e7">
         <name>.const:g_ui32UARTBase</name>
         <load_address>0x28f0</load_address>
         <run_address>0x28f0</run_address>
         <size>0xc</size>
         <input_file_ref idref="fl-10"/>
      </object_component>
      <object_component id="oc-2e1">
         <name>.const:g_ui32UARTPeriph</name>
         <load_address>0x28fc</load_address>
         <run_address>0x28fc</run_address>
         <size>0xc</size>
         <input_file_ref idref="fl-10"/>
      </object_component>
      <object_component id="oc-94">
         <name>.const</name>
         <load_address>0x2908</load_address>
         <run_address>0x2908</run_address>
         <size>0x4</size>
         <input_file_ref idref="fl-d"/>
      </object_component>
      <object_component id="oc-2f6">
         <name>.const</name>
         <load_address>0x290c</load_address>
         <run_address>0x290c</run_address>
         <size>0x4</size>
         <input_file_ref idref="fl-10"/>
      </object_component>
      <object_component id="oc-563">
         <name>.cinit..data.load</name>
         <load_address>0x2910</load_address>
         <run_address>0x2910</run_address>
         <size>0x87</size>
      </object_component>
      <object_component id="oc-561">
         <name>__TI_handler_table</name>
         <load_address>0x2998</load_address>
         <run_address>0x2998</run_address>
         <size>0xc</size>
      </object_component>
      <object_component id="oc-564">
         <name>.cinit..bss.load</name>
         <load_address>0x29a8</load_address>
         <run_address>0x29a8</run_address>
         <size>0x8</size>
      </object_component>
      <object_component id="oc-562">
         <name>__TI_cinit_table</name>
         <load_address>0x29b0</load_address>
         <run_address>0x29b0</run_address>
         <size>0x10</size>
      </object_component>
      <object_component id="oc-c3">
         <name>.data</name>
         <load_address>0x20007a9c</load_address>
         <run_address>0x20007a9c</run_address>
         <size>0x8</size>
         <input_file_ref idref="fl-6"/>
      </object_component>
      <object_component id="oc-3cd">
         <name>.data:MorseLookup</name>
         <load_address>0x20007980</load_address>
         <run_address>0x20007980</run_address>
         <size>0xde</size>
         <input_file_ref idref="fl-7"/>
      </object_component>
      <object_component id="oc-91">
         <name>.data</name>
         <load_address>0x20007a60</load_address>
         <run_address>0x20007a60</run_address>
         <size>0x30</size>
         <input_file_ref idref="fl-b"/>
      </object_component>
      <object_component id="oc-360">
         <name>.data</name>
         <load_address>0x20007a90</load_address>
         <run_address>0x20007a90</run_address>
         <size>0xc</size>
         <input_file_ref idref="fl-c"/>
      </object_component>
      <object_component id="oc-342">
         <name>.data</name>
         <load_address>0x20007ab4</load_address>
         <run_address>0x20007ab4</run_address>
         <size>0x4</size>
         <input_file_ref idref="fl-d"/>
      </object_component>
      <object_component id="oc-30e">
         <name>.data</name>
         <load_address>0x20007aa4</load_address>
         <run_address>0x20007aa4</run_address>
         <size>0x8</size>
         <input_file_ref idref="fl-f"/>
      </object_component>
      <object_component id="oc-2e4">
         <name>.data</name>
         <load_address>0x20007aac</load_address>
         <run_address>0x20007aac</run_address>
         <size>0x5</size>
         <input_file_ref idref="fl-10"/>
      </object_component>
      <object_component id="oc-120">
         <name>.bss:pxReadyTasksLists</name>
         <uninitialized>true</uninitialized>
         <run_address>0x20007530</run_address>
         <size>0x140</size>
         <input_file_ref idref="fl-b"/>
      </object_component>
      <object_component id="oc-346">
         <name>.bss:xDelayedTaskList1</name>
         <uninitialized>true</uninitialized>
         <run_address>0x200076e8</run_address>
         <size>0x14</size>
         <input_file_ref idref="fl-b"/>
      </object_component>
      <object_component id="oc-349">
         <name>.bss:xDelayedTaskList2</name>
         <uninitialized>true</uninitialized>
         <run_address>0x200076fc</run_address>
         <size>0x14</size>
         <input_file_ref idref="fl-b"/>
      </object_component>
      <object_component id="oc-136">
         <name>.bss</name>
         <uninitialized>true</uninitialized>
         <run_address>0x2000774c</run_address>
         <size>0x8</size>
         <input_file_ref idref="fl-b"/>
      </object_component>
      <object_component id="oc-148">
         <name>.bss:xPendingReadyList</name>
         <uninitialized>true</uninitialized>
         <run_address>0x20007710</run_address>
         <size>0x14</size>
         <input_file_ref idref="fl-b"/>
      </object_component>
      <object_component id="oc-34c">
         <name>.bss:xTasksWaitingTermination</name>
         <uninitialized>true</uninitialized>
         <run_address>0x20007738</run_address>
         <size>0x14</size>
         <input_file_ref idref="fl-b"/>
      </object_component>
      <object_component id="oc-34f">
         <name>.bss:xSuspendedTaskList</name>
         <uninitialized>true</uninitialized>
         <run_address>0x20007724</run_address>
         <size>0x14</size>
         <input_file_ref idref="fl-b"/>
      </object_component>
      <object_component id="oc-441">
         <name>.bss:xActiveTimerList1</name>
         <uninitialized>true</uninitialized>
         <run_address>0x200076c0</run_address>
         <size>0x14</size>
         <input_file_ref idref="fl-c"/>
      </object_component>
      <object_component id="oc-444">
         <name>.bss:xActiveTimerList2</name>
         <uninitialized>true</uninitialized>
         <run_address>0x200076d4</run_address>
         <size>0x14</size>
         <input_file_ref idref="fl-c"/>
      </object_component>
      <object_component id="oc-447">
         <name>.bss</name>
         <uninitialized>true</uninitialized>
         <run_address>0x20007754</run_address>
         <size>0x8</size>
         <input_file_ref idref="fl-c"/>
      </object_component>
      <object_component id="oc-41a">
         <name>.bss:ucHeap</name>
         <uninitialized>true</uninitialized>
         <run_address>0x20000000</run_address>
         <size>0x7530</size>
         <input_file_ref idref="fl-f"/>
      </object_component>
      <object_component id="oc-311">
         <name>.bss:xStart</name>
         <uninitialized>true</uninitialized>
         <run_address>0x20007764</run_address>
         <size>0x8</size>
         <input_file_ref idref="fl-f"/>
      </object_component>
      <object_component id="oc-314">
         <name>.bss:xEnd</name>
         <uninitialized>true</uninitialized>
         <run_address>0x2000775c</run_address>
         <size>0x8</size>
         <input_file_ref idref="fl-f"/>
      </object_component>
      <object_component id="oc-1ab">
         <name>.common:mqTranslatedChars</name>
         <uninitialized>true</uninitialized>
         <run_address>0x2000776c</run_address>
         <size>0x4</size>
      </object_component>
      <object_component id="oc-c7">
         <name>.common:thFlashMorse</name>
         <uninitialized>true</uninitialized>
         <run_address>0x20007770</run_address>
         <size>0x4</size>
      </object_component>
      <object_component id="oc-1b2">
         <name>.common:thGetAndTrans</name>
         <uninitialized>true</uninitialized>
         <run_address>0x20007774</run_address>
         <size>0x4</size>
      </object_component>
      <object_component id="oc-c4">
         <name>.common:unitDuration</name>
         <uninitialized>true</uninitialized>
         <run_address>0x20007778</run_address>
         <size>0x4</size>
      </object_component>
      <object_component id="oc-4d5">
         <name>.common:xQueueRegistry</name>
         <uninitialized>true</uninitialized>
         <run_address>0x20007670</run_address>
         <size>0x50</size>
      </object_component>
      <object_component id="oc-21">
         <name>.stack</name>
         <uninitialized>true</uninitialized>
         <run_address>0x20007780</run_address>
         <size>0x4</size>
         <input_file_ref idref="fl-d3"/>
      </object_component>
      <object_component id="oc-565">
         <name>.stack</name>
         <uninitialized>true</uninitialized>
         <run_address>0x20007780</run_address>
         <size>0x0</size>
      </object_component>
      <object_component id="oc-c8">
         <name>.debug_info</name>
         <load_address>0x0</load_address>
         <run_address>0x0</run_address>
         <size>0x597</size>
         <input_file_ref idref="fl-2"/>
      </object_component>
      <object_component id="oc-11c">
         <name>.debug_info</name>
         <load_address>0x597</load_address>
         <run_address>0x597</run_address>
         <size>0x16d</size>
         <input_file_ref idref="fl-2"/>
      </object_component>
      <object_component id="oc-104">
         <name>.debug_info</name>
         <load_address>0x704</load_address>
         <run_address>0x704</run_address>
         <size>0x1a5</size>
         <input_file_ref idref="fl-2"/>
      </object_component>
      <object_component id="oc-158">
         <name>.debug_info</name>
         <load_address>0x8a9</load_address>
         <run_address>0x8a9</run_address>
         <size>0x85</size>
         <input_file_ref idref="fl-2"/>
      </object_component>
      <object_component id="oc-14c">
         <name>.debug_info</name>
         <load_address>0x92e</load_address>
         <run_address>0x92e</run_address>
         <size>0x2ef</size>
         <input_file_ref idref="fl-2"/>
      </object_component>
      <object_component id="oc-d7">
         <name>.debug_info</name>
         <load_address>0xc1d</load_address>
         <run_address>0xc1d</run_address>
         <size>0x26b</size>
         <input_file_ref idref="fl-2"/>
      </object_component>
      <object_component id="oc-56">
         <name>.debug_info</name>
         <load_address>0xe88</load_address>
         <run_address>0xe88</run_address>
         <size>0x84</size>
         <input_file_ref idref="fl-2"/>
      </object_component>
      <object_component id="oc-15d">
         <name>.debug_info</name>
         <load_address>0xf0c</load_address>
         <run_address>0xf0c</run_address>
         <size>0x46</size>
         <input_file_ref idref="fl-2"/>
      </object_component>
      <object_component id="oc-16e">
         <name>.debug_info</name>
         <load_address>0xf52</load_address>
         <run_address>0xf52</run_address>
         <size>0x2c</size>
         <input_file_ref idref="fl-2"/>
      </object_component>
      <object_component id="oc-162">
         <name>.debug_info</name>
         <load_address>0xf7e</load_address>
         <run_address>0xf7e</run_address>
         <size>0x46</size>
         <input_file_ref idref="fl-2"/>
      </object_component>
      <object_component id="oc-173">
         <name>.debug_info</name>
         <load_address>0xfc4</load_address>
         <run_address>0xfc4</run_address>
         <size>0x2c</size>
         <input_file_ref idref="fl-2"/>
      </object_component>
      <object_component id="oc-178">
         <name>.debug_info</name>
         <load_address>0xff0</load_address>
         <run_address>0xff0</run_address>
         <size>0x297</size>
         <input_file_ref idref="fl-2"/>
      </object_component>
      <object_component id="oc-dc">
         <name>.debug_info</name>
         <load_address>0x1287</load_address>
         <run_address>0x1287</run_address>
         <size>0xbb</size>
         <input_file_ref idref="fl-2"/>
      </object_component>
      <object_component id="oc-d0">
         <name>.debug_info</name>
         <load_address>0x1342</load_address>
         <run_address>0x1342</run_address>
         <size>0x53</size>
         <input_file_ref idref="fl-2"/>
      </object_component>
      <object_component id="oc-227">
         <name>.debug_info</name>
         <load_address>0x1395</load_address>
         <run_address>0x1395</run_address>
         <size>0x2c</size>
         <input_file_ref idref="fl-2"/>
      </object_component>
      <object_component id="oc-167">
         <name>.debug_info</name>
         <load_address>0x13c1</load_address>
         <run_address>0x13c1</run_address>
         <size>0x14c</size>
         <input_file_ref idref="fl-2"/>
      </object_component>
      <object_component id="oc-4f">
         <name>.debug_info</name>
         <load_address>0x150d</load_address>
         <run_address>0x150d</run_address>
         <size>0x34c</size>
         <input_file_ref idref="fl-3"/>
      </object_component>
      <object_component id="oc-10">
         <name>.debug_info</name>
         <load_address>0x1859</load_address>
         <run_address>0x1859</run_address>
         <size>0xe1</size>
         <input_file_ref idref="fl-3"/>
      </object_component>
      <object_component id="oc-26">
         <name>.debug_info</name>
         <load_address>0x193a</load_address>
         <run_address>0x193a</run_address>
         <size>0x111</size>
         <input_file_ref idref="fl-3"/>
      </object_component>
      <object_component id="oc-2d">
         <name>.debug_info</name>
         <load_address>0x1a4b</load_address>
         <run_address>0x1a4b</run_address>
         <size>0x102</size>
         <input_file_ref idref="fl-3"/>
      </object_component>
      <object_component id="oc-38">
         <name>.debug_info</name>
         <load_address>0x1b4d</load_address>
         <run_address>0x1b4d</run_address>
         <size>0x11a</size>
         <input_file_ref idref="fl-3"/>
      </object_component>
      <object_component id="oc-33">
         <name>.debug_info</name>
         <load_address>0x1c67</load_address>
         <run_address>0x1c67</run_address>
         <size>0x108</size>
         <input_file_ref idref="fl-3"/>
      </object_component>
      <object_component id="oc-c5">
         <name>.debug_info</name>
         <load_address>0x1d6f</load_address>
         <run_address>0x1d6f</run_address>
         <size>0x920</size>
         <input_file_ref idref="fl-6"/>
      </object_component>
      <object_component id="oc-4b">
         <name>.debug_info</name>
         <load_address>0x268f</load_address>
         <run_address>0x268f</run_address>
         <size>0x1ee</size>
         <input_file_ref idref="fl-6"/>
      </object_component>
      <object_component id="oc-288">
         <name>.debug_info</name>
         <load_address>0x287d</load_address>
         <run_address>0x287d</run_address>
         <size>0x1b9</size>
         <input_file_ref idref="fl-6"/>
      </object_component>
      <object_component id="oc-3c2">
         <name>.debug_info</name>
         <load_address>0x2a36</load_address>
         <run_address>0x2a36</run_address>
         <size>0x173</size>
         <input_file_ref idref="fl-6"/>
      </object_component>
      <object_component id="oc-2a1">
         <name>.debug_info</name>
         <load_address>0x2ba9</load_address>
         <run_address>0x2ba9</run_address>
         <size>0x1f5</size>
         <input_file_ref idref="fl-6"/>
      </object_component>
      <object_component id="oc-1b6">
         <name>.debug_info</name>
         <load_address>0x2d9e</load_address>
         <run_address>0x2d9e</run_address>
         <size>0x1fc</size>
         <input_file_ref idref="fl-6"/>
      </object_component>
      <object_component id="oc-1ae">
         <name>.debug_info</name>
         <load_address>0x2f9a</load_address>
         <run_address>0x2f9a</run_address>
         <size>0x21d</size>
         <input_file_ref idref="fl-6"/>
      </object_component>
      <object_component id="oc-cb">
         <name>.debug_info</name>
         <load_address>0x31b7</load_address>
         <run_address>0x31b7</run_address>
         <size>0x8b</size>
         <input_file_ref idref="fl-6"/>
      </object_component>
      <object_component id="oc-3d1">
         <name>.debug_info</name>
         <load_address>0x3242</load_address>
         <run_address>0x3242</run_address>
         <size>0x28a</size>
         <input_file_ref idref="fl-7"/>
      </object_component>
      <object_component id="oc-3ce">
         <name>.debug_info</name>
         <load_address>0x34cc</load_address>
         <run_address>0x34cc</run_address>
         <size>0xdc</size>
         <input_file_ref idref="fl-7"/>
      </object_component>
      <object_component id="oc-3c8">
         <name>.debug_info</name>
         <load_address>0x35a8</load_address>
         <run_address>0x35a8</run_address>
         <size>0x139</size>
         <input_file_ref idref="fl-7"/>
      </object_component>
      <object_component id="oc-2ab">
         <name>.debug_info</name>
         <load_address>0x36e1</load_address>
         <run_address>0x36e1</run_address>
         <size>0x1e9</size>
         <input_file_ref idref="fl-7"/>
      </object_component>
      <object_component id="oc-18e">
         <name>.debug_info</name>
         <load_address>0x38ca</load_address>
         <run_address>0x38ca</run_address>
         <size>0x164</size>
         <input_file_ref idref="fl-8"/>
      </object_component>
      <object_component id="oc-206">
         <name>.debug_info</name>
         <load_address>0x3a2e</load_address>
         <run_address>0x3a2e</run_address>
         <size>0x2ff</size>
         <input_file_ref idref="fl-9"/>
      </object_component>
      <object_component id="oc-134">
         <name>.debug_info</name>
         <load_address>0x3d2d</load_address>
         <run_address>0x3d2d</run_address>
         <size>0x240</size>
         <input_file_ref idref="fl-9"/>
      </object_component>
      <object_component id="oc-491">
         <name>.debug_info</name>
         <load_address>0x3f6d</load_address>
         <run_address>0x3f6d</run_address>
         <size>0x26b</size>
         <input_file_ref idref="fl-9"/>
      </object_component>
      <object_component id="oc-337">
         <name>.debug_info</name>
         <load_address>0x41d8</load_address>
         <run_address>0x41d8</run_address>
         <size>0x1ed</size>
         <input_file_ref idref="fl-9"/>
      </object_component>
      <object_component id="oc-322">
         <name>.debug_info</name>
         <load_address>0x43c5</load_address>
         <run_address>0x43c5</run_address>
         <size>0x1e5</size>
         <input_file_ref idref="fl-9"/>
      </object_component>
      <object_component id="oc-12d">
         <name>.debug_info</name>
         <load_address>0x45aa</load_address>
         <run_address>0x45aa</run_address>
         <size>0x218</size>
         <input_file_ref idref="fl-9"/>
      </object_component>
      <object_component id="oc-1fa">
         <name>.debug_info</name>
         <load_address>0x47c2</load_address>
         <run_address>0x47c2</run_address>
         <size>0x110</size>
         <input_file_ref idref="fl-9"/>
      </object_component>
      <object_component id="oc-239">
         <name>.debug_info</name>
         <load_address>0x48d2</load_address>
         <run_address>0x48d2</run_address>
         <size>0x7e6</size>
         <input_file_ref idref="fl-a"/>
      </object_component>
      <object_component id="oc-39b">
         <name>.debug_info</name>
         <load_address>0x50b8</load_address>
         <run_address>0x50b8</run_address>
         <size>0x2ba</size>
         <input_file_ref idref="fl-a"/>
      </object_component>
      <object_component id="oc-3a1">
         <name>.debug_info</name>
         <load_address>0x5372</load_address>
         <run_address>0x5372</run_address>
         <size>0x23a</size>
         <input_file_ref idref="fl-a"/>
      </object_component>
      <object_component id="oc-3b3">
         <name>.debug_info</name>
         <load_address>0x55ac</load_address>
         <run_address>0x55ac</run_address>
         <size>0x237</size>
         <input_file_ref idref="fl-a"/>
      </object_component>
      <object_component id="oc-298">
         <name>.debug_info</name>
         <load_address>0x57e3</load_address>
         <run_address>0x57e3</run_address>
         <size>0x590</size>
         <input_file_ref idref="fl-a"/>
      </object_component>
      <object_component id="oc-3d3">
         <name>.debug_info</name>
         <load_address>0x5d73</load_address>
         <run_address>0x5d73</run_address>
         <size>0x238</size>
         <input_file_ref idref="fl-a"/>
      </object_component>
      <object_component id="oc-3d9">
         <name>.debug_info</name>
         <load_address>0x5fab</load_address>
         <run_address>0x5fab</run_address>
         <size>0x2a0</size>
         <input_file_ref idref="fl-a"/>
      </object_component>
      <object_component id="oc-2b1">
         <name>.debug_info</name>
         <load_address>0x624b</load_address>
         <run_address>0x624b</run_address>
         <size>0x500</size>
         <input_file_ref idref="fl-a"/>
      </object_component>
      <object_component id="oc-52d">
         <name>.debug_info</name>
         <load_address>0x674b</load_address>
         <run_address>0x674b</run_address>
         <size>0x37b</size>
         <input_file_ref idref="fl-a"/>
      </object_component>
      <object_component id="oc-233">
         <name>.debug_info</name>
         <load_address>0x6ac6</load_address>
         <run_address>0x6ac6</run_address>
         <size>0x2be</size>
         <input_file_ref idref="fl-a"/>
      </object_component>
      <object_component id="oc-19a">
         <name>.debug_info</name>
         <load_address>0x6d84</load_address>
         <run_address>0x6d84</run_address>
         <size>0x316</size>
         <input_file_ref idref="fl-a"/>
      </object_component>
      <object_component id="oc-4e1">
         <name>.debug_info</name>
         <load_address>0x709a</load_address>
         <run_address>0x709a</run_address>
         <size>0x324</size>
         <input_file_ref idref="fl-a"/>
      </object_component>
      <object_component id="oc-43c">
         <name>.debug_info</name>
         <load_address>0x73be</load_address>
         <run_address>0x73be</run_address>
         <size>0x23e</size>
         <input_file_ref idref="fl-a"/>
      </object_component>
      <object_component id="oc-28c">
         <name>.debug_info</name>
         <load_address>0x75fc</load_address>
         <run_address>0x75fc</run_address>
         <size>0x247</size>
         <input_file_ref idref="fl-a"/>
      </object_component>
      <object_component id="oc-328">
         <name>.debug_info</name>
         <load_address>0x7843</load_address>
         <run_address>0x7843</run_address>
         <size>0x1cd</size>
         <input_file_ref idref="fl-a"/>
      </object_component>
      <object_component id="oc-116">
         <name>.debug_info</name>
         <load_address>0x7a10</load_address>
         <run_address>0x7a10</run_address>
         <size>0x7a5</size>
         <input_file_ref idref="fl-b"/>
      </object_component>
      <object_component id="oc-92">
         <name>.debug_info</name>
         <load_address>0x81b5</load_address>
         <run_address>0x81b5</run_address>
         <size>0x323</size>
         <input_file_ref idref="fl-b"/>
      </object_component>
      <object_component id="oc-121">
         <name>.debug_info</name>
         <load_address>0x84d8</load_address>
         <run_address>0x84d8</run_address>
         <size>0x11f</size>
         <input_file_ref idref="fl-b"/>
      </object_component>
      <object_component id="oc-347">
         <name>.debug_info</name>
         <load_address>0x85f7</load_address>
         <run_address>0x85f7</run_address>
         <size>0x11f</size>
         <input_file_ref idref="fl-b"/>
      </object_component>
      <object_component id="oc-34a">
         <name>.debug_info</name>
         <load_address>0x8716</load_address>
         <run_address>0x8716</run_address>
         <size>0x11f</size>
         <input_file_ref idref="fl-b"/>
      </object_component>
      <object_component id="oc-137">
         <name>.debug_info</name>
         <load_address>0x8835</load_address>
         <run_address>0x8835</run_address>
         <size>0x161</size>
         <input_file_ref idref="fl-b"/>
      </object_component>
      <object_component id="oc-149">
         <name>.debug_info</name>
         <load_address>0x8996</load_address>
         <run_address>0x8996</run_address>
         <size>0x11f</size>
         <input_file_ref idref="fl-b"/>
      </object_component>
      <object_component id="oc-34d">
         <name>.debug_info</name>
         <load_address>0x8ab5</load_address>
         <run_address>0x8ab5</run_address>
         <size>0x12d</size>
         <input_file_ref idref="fl-b"/>
      </object_component>
      <object_component id="oc-350">
         <name>.debug_info</name>
         <load_address>0x8be2</load_address>
         <run_address>0x8be2</run_address>
         <size>0x121</size>
         <input_file_ref idref="fl-b"/>
      </object_component>
      <object_component id="oc-125">
         <name>.debug_info</name>
         <load_address>0x8d03</load_address>
         <run_address>0x8d03</run_address>
         <size>0x1eb</size>
         <input_file_ref idref="fl-b"/>
      </object_component>
      <object_component id="oc-9f">
         <name>.debug_info</name>
         <load_address>0x8eee</load_address>
         <run_address>0x8eee</run_address>
         <size>0x2bb</size>
         <input_file_ref idref="fl-b"/>
      </object_component>
      <object_component id="oc-309">
         <name>.debug_info</name>
         <load_address>0x91a9</load_address>
         <run_address>0x91a9</run_address>
         <size>0x282</size>
         <input_file_ref idref="fl-b"/>
      </object_component>
      <object_component id="oc-31a">
         <name>.debug_info</name>
         <load_address>0x942b</load_address>
         <run_address>0x942b</run_address>
         <size>0x2a1</size>
         <input_file_ref idref="fl-b"/>
      </object_component>
      <object_component id="oc-4bc">
         <name>.debug_info</name>
         <load_address>0x96cc</load_address>
         <run_address>0x96cc</run_address>
         <size>0x26d</size>
         <input_file_ref idref="fl-b"/>
      </object_component>
      <object_component id="oc-3e0">
         <name>.debug_info</name>
         <load_address>0x9939</load_address>
         <run_address>0x9939</run_address>
         <size>0x240</size>
         <input_file_ref idref="fl-b"/>
      </object_component>
      <object_component id="oc-512">
         <name>.debug_info</name>
         <load_address>0x9b79</load_address>
         <run_address>0x9b79</run_address>
         <size>0x1de</size>
         <input_file_ref idref="fl-b"/>
      </object_component>
      <object_component id="oc-527">
         <name>.debug_info</name>
         <load_address>0x9d57</load_address>
         <run_address>0x9d57</run_address>
         <size>0x1ea</size>
         <input_file_ref idref="fl-b"/>
      </object_component>
      <object_component id="oc-292">
         <name>.debug_info</name>
         <load_address>0x9f41</load_address>
         <run_address>0x9f41</run_address>
         <size>0x3a3</size>
         <input_file_ref idref="fl-b"/>
      </object_component>
      <object_component id="oc-23c">
         <name>.debug_info</name>
         <load_address>0xa2e4</load_address>
         <run_address>0xa2e4</run_address>
         <size>0x2d1</size>
         <input_file_ref idref="fl-b"/>
      </object_component>
      <object_component id="oc-242">
         <name>.debug_info</name>
         <load_address>0xa5b5</load_address>
         <run_address>0xa5b5</run_address>
         <size>0x2d8</size>
         <input_file_ref idref="fl-b"/>
      </object_component>
      <object_component id="oc-254">
         <name>.debug_info</name>
         <load_address>0xa88d</load_address>
         <run_address>0xa88d</run_address>
         <size>0x26f</size>
         <input_file_ref idref="fl-b"/>
      </object_component>
      <object_component id="oc-1a0">
         <name>.debug_info</name>
         <load_address>0xaafc</load_address>
         <run_address>0xaafc</run_address>
         <size>0x484</size>
         <input_file_ref idref="fl-b"/>
      </object_component>
      <object_component id="oc-38f">
         <name>.debug_info</name>
         <load_address>0xaf80</load_address>
         <run_address>0xaf80</run_address>
         <size>0x201</size>
         <input_file_ref idref="fl-b"/>
      </object_component>
      <object_component id="oc-395">
         <name>.debug_info</name>
         <load_address>0xb181</load_address>
         <run_address>0xb181</run_address>
         <size>0x2d5</size>
         <input_file_ref idref="fl-b"/>
      </object_component>
      <object_component id="oc-98">
         <name>.debug_info</name>
         <load_address>0xb456</load_address>
         <run_address>0xb456</run_address>
         <size>0x246</size>
         <input_file_ref idref="fl-b"/>
      </object_component>
      <object_component id="oc-2fd">
         <name>.debug_info</name>
         <load_address>0xb69c</load_address>
         <run_address>0xb69c</run_address>
         <size>0x1c1</size>
         <input_file_ref idref="fl-b"/>
      </object_component>
      <object_component id="oc-1a6">
         <name>.debug_info</name>
         <load_address>0xb85d</load_address>
         <run_address>0xb85d</run_address>
         <size>0x22f</size>
         <input_file_ref idref="fl-b"/>
      </object_component>
      <object_component id="oc-3a7">
         <name>.debug_info</name>
         <load_address>0xba8c</load_address>
         <run_address>0xba8c</run_address>
         <size>0x24c</size>
         <input_file_ref idref="fl-b"/>
      </object_component>
      <object_component id="oc-51e">
         <name>.debug_info</name>
         <load_address>0xbcd8</load_address>
         <run_address>0xbcd8</run_address>
         <size>0x319</size>
         <input_file_ref idref="fl-b"/>
      </object_component>
      <object_component id="oc-3ad">
         <name>.debug_info</name>
         <load_address>0xbff1</load_address>
         <run_address>0xbff1</run_address>
         <size>0x2ac</size>
         <input_file_ref idref="fl-b"/>
      </object_component>
      <object_component id="oc-be">
         <name>.debug_info</name>
         <load_address>0xc29d</load_address>
         <run_address>0xc29d</run_address>
         <size>0x341</size>
         <input_file_ref idref="fl-b"/>
      </object_component>
      <object_component id="oc-485">
         <name>.debug_info</name>
         <load_address>0xc5de</load_address>
         <run_address>0xc5de</run_address>
         <size>0x1c3</size>
         <input_file_ref idref="fl-b"/>
      </object_component>
      <object_component id="oc-2b7">
         <name>.debug_info</name>
         <load_address>0xc7a1</load_address>
         <run_address>0xc7a1</run_address>
         <size>0x346</size>
         <input_file_ref idref="fl-b"/>
      </object_component>
      <object_component id="oc-3b9">
         <name>.debug_info</name>
         <load_address>0xcae7</load_address>
         <run_address>0xcae7</run_address>
         <size>0x1e1</size>
         <input_file_ref idref="fl-b"/>
      </object_component>
      <object_component id="oc-465">
         <name>.debug_info</name>
         <load_address>0xccc8</load_address>
         <run_address>0xccc8</run_address>
         <size>0x200</size>
         <input_file_ref idref="fl-b"/>
      </object_component>
      <object_component id="oc-36f">
         <name>.debug_info</name>
         <load_address>0xcec8</load_address>
         <run_address>0xcec8</run_address>
         <size>0x296</size>
         <input_file_ref idref="fl-b"/>
      </object_component>
      <object_component id="oc-26d">
         <name>.debug_info</name>
         <load_address>0xd15e</load_address>
         <run_address>0xd15e</run_address>
         <size>0x1f9</size>
         <input_file_ref idref="fl-b"/>
      </object_component>
      <object_component id="oc-151">
         <name>.debug_info</name>
         <load_address>0xd357</load_address>
         <run_address>0xd357</run_address>
         <size>0x169</size>
         <input_file_ref idref="fl-b"/>
      </object_component>
      <object_component id="oc-45e">
         <name>.debug_info</name>
         <load_address>0xd4c0</load_address>
         <run_address>0xd4c0</run_address>
         <size>0x7ed</size>
         <input_file_ref idref="fl-c"/>
      </object_component>
      <object_component id="oc-442">
         <name>.debug_info</name>
         <load_address>0xdcad</load_address>
         <run_address>0xdcad</run_address>
         <size>0x101</size>
         <input_file_ref idref="fl-c"/>
      </object_component>
      <object_component id="oc-445">
         <name>.debug_info</name>
         <load_address>0xddae</load_address>
         <run_address>0xddae</run_address>
         <size>0x101</size>
         <input_file_ref idref="fl-c"/>
      </object_component>
      <object_component id="oc-448">
         <name>.debug_info</name>
         <load_address>0xdeaf</load_address>
         <run_address>0xdeaf</run_address>
         <size>0x139</size>
         <input_file_ref idref="fl-c"/>
      </object_component>
      <object_component id="oc-361">
         <name>.debug_info</name>
         <load_address>0xdfe8</load_address>
         <run_address>0xdfe8</run_address>
         <size>0x125</size>
         <input_file_ref idref="fl-c"/>
      </object_component>
      <object_component id="oc-4f4">
         <name>.debug_info</name>
         <load_address>0xe10d</load_address>
         <run_address>0xe10d</run_address>
         <size>0x358</size>
         <input_file_ref idref="fl-c"/>
      </object_component>
      <object_component id="oc-355">
         <name>.debug_info</name>
         <load_address>0xe465</load_address>
         <run_address>0xe465</run_address>
         <size>0x211</size>
         <input_file_ref idref="fl-c"/>
      </object_component>
      <object_component id="oc-261">
         <name>.debug_info</name>
         <load_address>0xe676</load_address>
         <run_address>0xe676</run_address>
         <size>0x1c8</size>
         <input_file_ref idref="fl-c"/>
      </object_component>
      <object_component id="oc-44c">
         <name>.debug_info</name>
         <load_address>0xe83e</load_address>
         <run_address>0xe83e</run_address>
         <size>0x1e5</size>
         <input_file_ref idref="fl-c"/>
      </object_component>
      <object_component id="oc-519">
         <name>.debug_info</name>
         <load_address>0xea23</load_address>
         <run_address>0xea23</run_address>
         <size>0x227</size>
         <input_file_ref idref="fl-c"/>
      </object_component>
      <object_component id="oc-363">
         <name>.debug_info</name>
         <load_address>0xec4a</load_address>
         <run_address>0xec4a</run_address>
         <size>0x24a</size>
         <input_file_ref idref="fl-c"/>
      </object_component>
      <object_component id="oc-4ee">
         <name>.debug_info</name>
         <load_address>0xee94</load_address>
         <run_address>0xee94</run_address>
         <size>0x2bd</size>
         <input_file_ref idref="fl-c"/>
      </object_component>
      <object_component id="oc-4e7">
         <name>.debug_info</name>
         <load_address>0xf151</load_address>
         <run_address>0xf151</run_address>
         <size>0x261</size>
         <input_file_ref idref="fl-c"/>
      </object_component>
      <object_component id="oc-453">
         <name>.debug_info</name>
         <load_address>0xf3b2</load_address>
         <run_address>0xf3b2</run_address>
         <size>0x30f</size>
         <input_file_ref idref="fl-c"/>
      </object_component>
      <object_component id="oc-459">
         <name>.debug_info</name>
         <load_address>0xf6c1</load_address>
         <run_address>0xf6c1</run_address>
         <size>0x2b7</size>
         <input_file_ref idref="fl-c"/>
      </object_component>
      <object_component id="oc-35c">
         <name>.debug_info</name>
         <load_address>0xf978</load_address>
         <run_address>0xf978</run_address>
         <size>0x1fc</size>
         <input_file_ref idref="fl-c"/>
      </object_component>
      <object_component id="oc-4fa">
         <name>.debug_info</name>
         <load_address>0xfb74</load_address>
         <run_address>0xfb74</run_address>
         <size>0x1ce</size>
         <input_file_ref idref="fl-c"/>
      </object_component>
      <object_component id="oc-119">
         <name>.debug_info</name>
         <load_address>0xfd42</load_address>
         <run_address>0xfd42</run_address>
         <size>0x3d5</size>
         <input_file_ref idref="fl-d"/>
      </object_component>
      <object_component id="oc-95">
         <name>.debug_info</name>
         <load_address>0x10117</load_address>
         <run_address>0x10117</run_address>
         <size>0x14d</size>
         <input_file_ref idref="fl-d"/>
      </object_component>
      <object_component id="oc-343">
         <name>.debug_info</name>
         <load_address>0x10264</load_address>
         <run_address>0x10264</run_address>
         <size>0x134</size>
         <input_file_ref idref="fl-d"/>
      </object_component>
      <object_component id="oc-43">
         <name>.debug_info</name>
         <load_address>0x10398</load_address>
         <run_address>0x10398</run_address>
         <size>0x221</size>
         <input_file_ref idref="fl-d"/>
      </object_component>
      <object_component id="oc-369">
         <name>.debug_info</name>
         <load_address>0x105b9</load_address>
         <run_address>0x105b9</run_address>
         <size>0x212</size>
         <input_file_ref idref="fl-d"/>
      </object_component>
      <object_component id="oc-268">
         <name>.debug_info</name>
         <load_address>0x107cb</load_address>
         <run_address>0x107cb</run_address>
         <size>0x25a</size>
         <input_file_ref idref="fl-d"/>
      </object_component>
      <object_component id="oc-25b">
         <name>.debug_info</name>
         <load_address>0x10a25</load_address>
         <run_address>0x10a25</run_address>
         <size>0x204</size>
         <input_file_ref idref="fl-d"/>
      </object_component>
      <object_component id="oc-24f">
         <name>.debug_info</name>
         <load_address>0x10c29</load_address>
         <run_address>0x10c29</run_address>
         <size>0x206</size>
         <input_file_ref idref="fl-d"/>
      </object_component>
      <object_component id="oc-248">
         <name>.debug_info</name>
         <load_address>0x10e2f</load_address>
         <run_address>0x10e2f</run_address>
         <size>0x2bb</size>
         <input_file_ref idref="fl-d"/>
      </object_component>
      <object_component id="oc-33c">
         <name>.debug_info</name>
[...]
      </handler>
   </handler_table>
   <symbol_table>
      <symbol id="sm-1">
         <name>__STACK_TOP</name>
         <value>0x20007980</value>
      </symbol>
      <symbol id="sm-2">
         <name>__TI_CINIT_Base</name>
         <value>0x29b0</value>
      </symbol>
      <symbol id="sm-3">
         <name>__TI_CINIT_Limit</name>
         <value>0x29c0</value>
      </symbol>
      <symbol id="sm-4">
         <name>__TI_Handler_Table_Base</name>
         <value>0x2998</value>
      </symbol>
      <symbol id="sm-5">
         <name>__TI_Handler_Table_Limit</name>
         <value>0x29a4</value>
      </symbol>
      <symbol id="sm-6">
         <name>binit</name>
         <value>0xffffffff</value>
      </symbol>
      <symbol id="sm-7">
         <name>__binit__</name>
         <value>0xffffffff</value>
      </symbol>
      <symbol id="sm-8">
         <name>__STACK_SIZE</name>
         <value>0x200</value>
      </symbol>
      <symbol id="sm-9">
         <name>__STACK_END</name>
         <value>0x20007980</value>
      </symbol>
      <symbol id="sm-a">
         <name>__c_args__</name>
         <value>0xffffffff</value>
      </symbol>
      <symbol id="sm-b">
         <name>__TI_pprof_out_hndl</name>
         <value>0xffffffff</value>
      </symbol>
      <symbol id="sm-c">
         <name>__TI_prof_data_start</name>
         <value>0xffffffff</value>
      </symbol>
      <symbol id="sm-d">
         <name>__TI_prof_data_size</name>
         <value>0xffffffff</value>
      </symbol>
      <symbol id="sm-86">
         <name>mqTranslatedChars</name>
         <value>0x2000776c</value>
      </symbol>
      <symbol id="sm-87">
         <name>thFlashMorse</name>
         <value>0x20007770</value>
      </symbol>
      <symbol id="sm-88">
         <name>thGetAndTrans</name>
         <value>0x20007774</value>
      </symbol>
      <symbol id="sm-89">
         <name>vApplicationStackOverflowHook</name>
         <value>0x1ca7</value>
         <object_component_ref idref="oc-11a"/>
      </symbol>
      <symbol id="sm-8a">
         <name>main</name>
         <value>0xd89</value>
         <object_component_ref idref="oc-102"/>
      </symbol>
      <symbol id="sm-bb">
         <name>ResetISR</name>
         <value>0x27e1</value>
         <object_component_ref idref="oc-24"/>
      </symbol>
      <symbol id="sm-bc">
         <name>g_pfnVectors</name>
         <value>0x0</value>
         <object_component_ref idref="oc-f"/>
      </symbol>
      <symbol id="sm-122">
         <name>unitDuration</name>
         <value>0x20007778</value>
      </symbol>
      <symbol id="sm-123">
         <name>GetAndTranslateTask</name>
         <value>0x173d</value>
         <object_component_ref idref="oc-1b3"/>
      </symbol>
      <symbol id="sm-124">
         <name>StartMorseTimer</name>
         <value>0x2305</value>
         <object_component_ref idref="oc-3bf"/>
      </symbol>
      <symbol id="sm-125">
         <name>FlashMorseTask</name>
         <value>0x1825</value>
         <object_component_ref idref="oc-1ac"/>
      </symbol>
      <symbol id="sm-126">
         <name>LEDWrite</name>
         <value>0xfa9</value>
         <object_component_ref idref="oc-29d"/>
      </symbol>
      <symbol id="sm-127">
         <name>myTimerIntHandler</name>
         <value>0x1469</value>
         <object_component_ref idref="oc-47"/>
      </symbol>
      <symbol id="sm-128">
         <name>init_led_gpio</name>
         <value>0x2019</value>
         <object_component_ref idref="oc-285"/>
      </symbol>
      <symbol id="sm-156">
         <name>DecodeString</name>
         <value>0x16c9</value>
         <object_component_ref idref="oc-2aa"/>
      </symbol>
      <symbol id="sm-167">
         <name>ConfigureUART</name>
         <value>0x1905</value>
         <object_component_ref idref="oc-18d"/>
      </symbol>
      <symbol id="sm-19d">
         <name>uxListRemove</name>
         <value>0x255d</value>
         <object_component_ref idref="oc-12a"/>
      </symbol>
      <symbol id="sm-19e">
         <name>vListInsert</name>
         <value>0x23a1</value>
         <object_component_ref idref="oc-48d"/>
      </symbol>
      <symbol id="sm-19f">
         <name>vListInitialiseItem</name>
         <value>0x27ed</value>
         <object_component_ref idref="oc-334"/>
      </symbol>
      <symbol id="sm-1a0">
         <name>vListInsertEnd</name>
         <value>0x269d</value>
         <object_component_ref idref="oc-130"/>
      </symbol>
      <symbol id="sm-1a1">
         <name>vListInitialise</name>
         <value>0x25e7</value>
         <object_component_ref idref="oc-31f"/>
      </symbol>
      <symbol id="sm-25e">
         <name>xQueueRegistry</name>
         <value>0x20007670</value>
      </symbol>
      <symbol id="sm-25f">
         <name>xQueueGenericSendFromISR</name>
         <value>0x1dc5</value>
         <object_component_ref idref="oc-52c"/>
      </symbol>
      <symbol id="sm-260">
         <name>uxQueueMessagesWaiting</name>
         <value>0x2731</value>
         <object_component_ref idref="oc-28b"/>
      </symbol>
      <symbol id="sm-261">
         <name>vQueueAddToRegistry</name>
         <value>0x2405</value>
         <object_component_ref idref="oc-43b"/>
      </symbol>
      <symbol id="sm-262">
         <name>xQueueGenericCreate</name>
         <value>0x2185</value>
         <object_component_ref idref="oc-199"/>
      </symbol>
      <symbol id="sm-263">
         <name>xQueueGenericSend</name>
         <value>0x8e9</value>
         <object_component_ref idref="oc-2b0"/>
      </symbol>
      <symbol id="sm-264">
         <name>xQueueGenericReset</name>
         <value>0x17b1</value>
         <object_component_ref idref="oc-232"/>
      </symbol>
      <symbol id="sm-265">
         <name>xQueueGenericReceive</name>
         <value>0x5a9</value>
         <object_component_ref idref="oc-297"/>
      </symbol>
      <symbol id="sm-266">
         <name>vQueueWaitForMessageRestricted</name>
         <value>0x2207</value>
         <object_component_ref idref="oc-4e0"/>
      </symbol>
      <symbol id="sm-473">
         <name>vTaskSuspendAll</name>
         <value>0x2765</value>
         <object_component_ref idref="oc-2fc"/>
      </symbol>
      <symbol id="sm-474">
         <name>vTaskPriorityInherit</name>
         <value>0x1229</value>
         <object_component_ref idref="oc-3a6"/>
      </symbol>
      <symbol id="sm-475">
         <name>vTaskPlaceOnEventList</name>
         <value>0x1e79</value>
         <object_component_ref idref="oc-3ac"/>
      </symbol>
      <symbol id="sm-476">
         <name>ulTaskNotifyTake</name>
         <value>0xef9</value>
         <object_component_ref idref="oc-2b6"/>
      </symbol>
      <symbol id="sm-477">
         <name>xTaskCheckForTimeOut</name>
         <value>0x1d09</value>
         <object_component_ref idref="oc-394"/>
      </symbol>
      <symbol id="sm-478">
         <name>xTaskPriorityDisinherit</name>
         <value>0x13e5</value>
         <object_component_ref idref="oc-4bb"/>
      </symbol>
      <symbol id="sm-479">
         <name>vTaskStartScheduler</name>
         <value>0x1b79</value>
         <object_component_ref idref="oc-1a5"/>
      </symbol>
      <symbol id="sm-47a">
         <name>pvTaskIncrementMutexHeldCount</name>
         <value>0x2685</value>
         <object_component_ref idref="oc-3b8"/>
      </symbol>
      <symbol id="sm-47b">
         <name>xTaskGenericNotify</name>
         <value>0xe45</value>
         <object_component_ref idref="oc-291"/>
      </symbol>
      <symbol id="sm-47c">
         <name>vTaskMissedYield</name>
         <value>0x27a9</value>
         <object_component_ref idref="oc-484"/>
      </symbol>
      <symbol id="sm-47d">
         <name>xTaskResumeAll</name>
         <value>0xae1</value>
         <object_component_ref idref="oc-308"/>
      </symbol>
      <symbol id="sm-47e">
         <name>xTaskGetTickCount</name>
         <value>0x27b5</value>
         <object_component_ref idref="oc-511"/>
      </symbol>
      <symbol id="sm-47f">
         <name>xTaskGenericCreate</name>
         <value>0x9e5</value>
         <object_component_ref idref="oc-19f"/>
      </symbol>
      <symbol id="sm-480">
         <name>pxCurrentTCB</name>
         <value>0x20007a60</value>
         <object_component_ref idref="oc-91"/>
      </symbol>
      <symbol id="sm-481">
         <name>vTaskNotifyGiveFromISR</name>
         <value>0x1355</value>
         <object_component_ref idref="oc-bd"/>
      </symbol>
      <symbol id="sm-482">
         <name>vTaskPlaceOnEventListRestricted</name>
         <value>0x1ed1</value>
         <object_component_ref idref="oc-51d"/>
      </symbol>
      <symbol id="sm-483">
         <name>vTaskSetTimeOutState</name>
         <value>0x26cd</value>
         <object_component_ref idref="oc-38e"/>
      </symbol>
      <symbol id="sm-484">
         <name>xTaskIncrementTick</name>
         <value>0x7e1</value>
         <object_component_ref idref="oc-9e"/>
      </symbol>
      <symbol id="sm-485">
         <name>vTaskSwitchContext</name>
         <value>0x12c1</value>
         <object_component_ref idref="oc-97"/>
      </symbol>
      <symbol id="sm-486">
         <name>xTaskGetSchedulerState</name>
         <value>0x25a9</value>
         <object_component_ref idref="oc-526"/>
      </symbol>
      <symbol id="sm-487">
         <name>xTaskRemoveFromEventList</name>
         <value>0x15d9</value>
         <object_component_ref idref="oc-319"/>
      </symbol>
      <symbol id="sm-553">
         <name>xTimerCreateTimerTask</name>
         <value>0x2141</value>
         <object_component_ref idref="oc-260"/>
      </symbol>
      <symbol id="sm-554">
         <name>xTimerGenericCommand</name>
         <value>0x1f29</value>
         <object_component_ref idref="oc-4f3"/>
      </symbol>
      <symbol id="sm-5b0">
         <name>ulMaxSyscallInterruptPriority</name>
         <value>0x2908</value>
         <object_component_ref idref="oc-94"/>
      </symbol>
      <symbol id="sm-5b1">
         <name>vPortSetupTimerInterrupt</name>
         <value>0x26f9</value>
         <object_component_ref idref="oc-367"/>
      </symbol>
      <symbol id="sm-5b2">
         <name>xPortSysTickHandler</name>
         <value>0x248d</value>
         <object_component_ref idref="oc-41"/>
      </symbol>
      <symbol id="sm-5b3">
         <name>pxPortInitialiseStack</name>
         <value>0x2535</value>
         <object_component_ref idref="oc-247"/>
      </symbol>
      <symbol id="sm-5b4">
         <name>vPortExitCritical</name>
         <value>0x26b5</value>
         <object_component_ref idref="oc-259"/>
      </symbol>
      <symbol id="sm-5b5">
         <name>xPortStartScheduler</name>
         <value>0x2249</value>
         <object_component_ref idref="oc-266"/>
      </symbol>
      <symbol id="sm-5b6">
         <name>vPortEnterCritical</name>
         <value>0x2605</value>
         <object_component_ref idref="oc-24d"/>
      </symbol>
      <symbol id="sm-5c5">
         <name>vPortStartFirstTask</name>
         <value>0xd5d</value>
         <object_component_ref idref="oc-3c"/>
      </symbol>
      <symbol id="sm-5c6">
         <name>ulPortGetIPSR</name>
         <value>0xcc5</value>
         <object_component_ref idref="oc-3c"/>
      </symbol>
      <symbol id="sm-5c7">
         <name>vPortEnableVFP</name>
         <value>0xd79</value>
         <object_component_ref idref="oc-3c"/>
      </symbol>
      <symbol id="sm-5c8">
         <name>xPortPendSVHandler</name>
         <value>0xcdd</value>
         <object_component_ref idref="oc-3c"/>
      </symbol>
      <symbol id="sm-5c9">
         <name>vPortSVCHandler</name>
         <value>0xd3d</value>
         <object_component_ref idref="oc-3c"/>
      </symbol>
      <symbol id="sm-61f">
         <name>pvPortMalloc</name>
         <value>0x1051</value>
         <object_component_ref idref="oc-22c"/>
      </symbol>
      <symbol id="sm-620">
         <name>vPortFree</name>
         <value>0x22c9</value>
         <object_component_ref idref="oc-32d"/>
      </symbol>
      <symbol id="sm-6ad">
         <name>UARTgets</name>
         <value>0x10f1</value>
         <object_component_ref idref="oc-2a4"/>
      </symbol>
      <symbol id="sm-6ae">
         <name>UARTStdioConfig</name>
         <value>0x1a41</value>
         <object_component_ref idref="oc-218"/>
      </symbol>
      <symbol id="sm-6af">
         <name>UARTwrite</name>
         <value>0x1fcd</value>
         <object_component_ref idref="oc-2eb"/>
      </symbol>
      <symbol id="sm-6b0">
         <name>UARTprintf</name>
         <value>0x2621</value>
         <object_component_ref idref="oc-193"/>
      </symbol>
      <symbol id="sm-6b1">
         <name>UARTvprintf</name>
         <value>0x26d</value>
         <object_component_ref idref="oc-21f"/>
      </symbol>
      <symbol id="sm-6c1">
         <name>__aeabi_memset</name>
         <value>0x14e7</value>
         <object_component_ref idref="oc-f6"/>
      </symbol>
      <symbol id="sm-6c2">
         <name>memset</name>
         <value>0x14ed</value>
         <object_component_ref idref="oc-f6"/>
      </symbol>
      <symbol id="sm-6c3">
         <name>__aeabi_memset8</name>
         <value>0x14e7</value>
         <object_component_ref idref="oc-f6"/>
      </symbol>
      <symbol id="sm-6c4">
         <name>__aeabi_memset4</name>
         <value>0x14e7</value>
         <object_component_ref idref="oc-f6"/>
      </symbol>
      <symbol id="sm-6c5">
         <name>__aeabi_memclr8</name>
         <value>0x14e5</value>
         <object_component_ref idref="oc-f6"/>
      </symbol>
      <symbol id="sm-6c6">
         <name>__aeabi_memclr4</name>
         <value>0x14e5</value>
         <object_component_ref idref="oc-f6"/>
      </symbol>
      <symbol id="sm-6c7">
         <name>__aeabi_memclr</name>
         <value>0x14e5</value>
         <object_component_ref idref="oc-f6"/>
      </symbol>
      <symbol id="sm-6e3">
         <name>memcpy</name>
         <value>0x118d</value>
         <object_component_ref idref="oc-5b"/>
      </symbol>
      <symbol id="sm-6e4">
         <name>__aeabi_memcpy</name>
         <value>0x118d</value>
         <object_component_ref idref="oc-5b"/>
      </symbol>
      <symbol id="sm-6e5">
         <name>__aeabi_memcpy8</name>
         <value>0x118d</value>
         <object_component_ref idref="oc-5b"/>
      </symbol>
      <symbol id="sm-6e6">
         <name>__aeabi_memcpy4</name>
         <value>0x118d</value>
         <object_component_ref idref="oc-5b"/>
      </symbol>
      <symbol id="sm-6f5">
         <name>__aeabi_uidivmod</name>
         <value>0x21c7</value>
         <object_component_ref idref="oc-2f1"/>
      </symbol>
      <symbol id="sm-6f6">
         <name>__aeabi_uidiv</name>
         <value>0x21c7</value>
         <object_component_ref idref="oc-2f1"/>
      </symbol>
      <symbol id="sm-70d">
         <name>__TI_zero_init</name>
         <value>0x279d</value>
         <object_component_ref idref="oc-6d"/>
      </symbol>
      <symbol id="sm-724">
         <name>__TI_decompress_none</name>
         <value>0x2783</value>
         <object_component_ref idref="oc-18"/>
      </symbol>
      <symbol id="sm-747">
         <name>__TI_decompress_lzss</name>
         <value>0x1aa9</value>
         <object_component_ref idref="oc-12"/>
      </symbol>
      <symbol id="sm-75a">
         <name>__stack</name>
         <value>0x20007780</value>
         <object_component_ref idref="oc-21"/>
      </symbol>
      <symbol id="sm-75b">
         <name>_c_int00_noargs</name>
         <value>0x236d</value>
         <object_component_ref idref="oc-79"/>
      </symbol>
      <symbol id="sm-765">
         <name>__aeabi_idiv0</name>
         <value>0x16c7</value>
         <object_component_ref idref="oc-410"/>
      </symbol>
      <symbol id="sm-766">
         <name>__aeabi_ldiv0</name>
         <value>0x16c7</value>
         <object_component_ref idref="oc-410"/>
      </symbol>
      <symbol id="sm-78e">
         <name>__TI_auto_init_nobinit_nopinit</name>
         <value>0x20fd</value>
         <object_component_ref idref="oc-1c6"/>
      </symbol>
      <symbol id="sm-798">
         <name>_system_pre_init</name>
         <value>0x27f7</value>
         <object_component_ref idref="oc-fc"/>
      </symbol>
      <symbol id="sm-7a4">
         <name>C$$EXIT</name>
         <value>0x27fb</value>
         <object_component_ref idref="oc-1ba"/>
      </symbol>
      <symbol id="sm-7a5">
         <name>abort</name>
         <value>0x27fb</value>
         <object_component_ref idref="oc-1ba"/>
      </symbol>
      <symbol id="sm-7d3">
         <name>GPIOPinTypeGPIOOutput</name>
         <value>0x2655</value>
         <object_component_ref idref="oc-37f"/>
      </symbol>
      <symbol id="sm-7d4">
         <name>GPIODirModeSet</name>
         <value>0x24b9</value>
         <object_component_ref idref="oc-479"/>
      </symbol>
      <symbol id="sm-7d5">
         <name>GPIOPinWrite</name>
         <value>0x27db</value>
         <object_component_ref idref="oc-385"/>
      </symbol>
      <symbol id="sm-7d6">
         <name>GPIOPadConfigSet</name>
         <value>0x475</value>
         <object_component_ref idref="oc-473"/>
      </symbol>
      <symbol id="sm-819">
         <name>IntEnable</name>
         <value>0x19d9</value>
         <object_component_ref idref="oc-4a2"/>
      </symbol>
      <symbol id="sm-81a">
         <name>IntDisable</name>
         <value>0x1971</value>
         <object_component_ref idref="oc-b1"/>
      </symbol>
      <symbol id="sm-81b">
         <name>IntMasterEnable</name>
         <value>0x2743</value>
         <object_component_ref idref="oc-27f"/>
      </symbol>
      <symbol id="sm-855">
         <name>SysCtlPeripheralEnable</name>
         <value>0x2339</value>
         <object_component_ref idref="oc-273"/>
      </symbol>
      <symbol id="sm-856">
         <name>SysCtlClockGet</name>
         <value>0x6d1</value>
         <object_component_ref idref="oc-496"/>
      </symbol>
      <symbol id="sm-89c">
         <name>TimerLoadSet</name>
         <value>0x270d</value>
         <object_component_ref idref="oc-49c"/>
      </symbol>
      <symbol id="sm-89d">
         <name>TimerDisable</name>
         <value>0x266d</value>
         <object_component_ref idref="oc-b7"/>
      </symbol>
      <symbol id="sm-89e">
         <name>TimerEnable</name>
         <value>0x2775</value>
         <object_component_ref idref="oc-4ae"/>
      </symbol>
      <symbol id="sm-89f">
         <name>TimerIntDisable</name>
         <value>0x27c1</value>
         <object_component_ref idref="oc-ab"/>
      </symbol>
      <symbol id="sm-8a0">
         <name>TimerIntEnable</name>
         <value>0x27cb</value>
         <object_component_ref idref="oc-4a8"/>
      </symbol>
      <symbol id="sm-8a1">
         <name>TimerConfigure</name>
         <value>0x1ca9</value>
         <object_component_ref idref="oc-279"/>
      </symbol>
      <symbol id="sm-8a2">
         <name>TimerIntClear</name>
         <value>0x27f3</value>
         <object_component_ref idref="oc-a5"/>
      </symbol>
      <symbol id="sm-8af">
         <name>UARTClockSourceSet</name>
         <value>0x27e7</value>
         <object_component_ref idref="oc-212"/>
      </symbol>
      <symbol id="sm-8b9">
         <name>CPUcpsie</name>
         <value>0x2791</value>
         <object_component_ref idref="oc-378"/>
      </symbol>
      <symbol id="sm-8ba">
         <name>__TI_static_base__</name>
         <value>0x0</value>
      </symbol>
      <symbol id="sm-8bd">
         <name>__mpu_init</name>
         <value>0x0</value>
      </symbol>
      <symbol id="sm-8be">
         <name>_system_post_cinit</name>
         <value>0x0</value>
      </symbol>
   </symbol_table>
   <title>Link successful</title>
</link_info>
