<?xml version="1.0" encoding="ISO-8859-1" ?>
<link_info>
   <banner>TI ARM Linker PC v18.12.3.LTS</banner>
   <copyright>Copyright (c) 1996-2018 Texas Instruments Incorporated</copyright>
   <link_time>0x5eac683d</link_time>
   <link_errors>0x0</link_errors>
   <output_file>freertos_demo.out</output_file>
   <entry_point>
      <name>_c_int00_noargs</name>
      <address>0x2401</address>
   </entry_point>
   <input_file_list>
      <input_file id="fl-2">
         <path>.\</path>
         <kind>object</kind>
         <file>freertos_demo.obj</file>
         <name>freertos_demo.obj</name>
      </input_file>
      <input_file id="fl-3">
         <path>.\</path>
         <kind>object</kind>
         <file>startup_ccs.obj</file>
         <name>startup_ccs.obj</name>
      </input_file>
      <input_file id="fl-4">
         <path>.\drivers\</path>
         <kind>object</kind>
         <file>buttons.obj</file>
         <name>buttons.obj</name>
      </input_file>
      <input_file id="fl-5">
         <path>.\drivers\</path>
         <kind>object</kind>
         <file>rgb.obj</file>
         <name>rgb.obj</name>
      </input_file>
      <input_file id="fl-6">
         <path>.\src\</path>
         <kind>object</kind>
         <file>app.obj</file>
         <name>app.obj</name>
      </input_file>
      <input_file id="fl-7">
         <path>.\src\</path>
         <kind>object</kind>
         <file>morse.obj</file>
         <name>morse.obj</name>
      </input_file>
      <input_file id="fl-8">
         <path>.\src\</path>
         <kind>object</kind>
         <file>uart.obj</file>
         <name>uart.obj</name>
      </input_file>
      <input_file id="fl-9">
         <path>.\third_party\FreeRTOS\Source\</path>
         <kind>object</kind>
         <file>list.obj</file>
         <name>list.obj</name>
      </input_file>
      <input_file id="fl-a">
         <path>.\third_party\FreeRTOS\Source\</path>
         <kind>object</kind>
         <file>queue.obj</file>
         <name>queue.obj</name>
      </input_file>
      <input_file id="fl-b">
         <path>.\third_party\FreeRTOS\Source\</path>
         <kind>object</kind>
         <file>tasks.obj</file>
         <name>tasks.obj</name>
      </input_file>
      <input_file id="fl-c">
         <path>.\third_party\FreeRTOS\Source\</path>
         <kind>object</kind>
         <file>timers.obj</file>
         <name>timers.obj</name>
      </input_file>
      <input_file id="fl-d">
         <path>.\third_party\FreeRTOS\Source\portable\CCS\ARM_CM4F\</path>
         <kind>object</kind>
         <file>port.obj</file>
         <name>port.obj</name>
      </input_file>
      <input_file id="fl-e">
         <path>.\third_party\FreeRTOS\Source\portable\CCS\ARM_CM4F\</path>
         <kind>object</kind>
         <file>portasm.obj</file>
         <name>portasm.obj</name>
      </input_file>
      <input_file id="fl-f">
         <path>.\third_party\FreeRTOS\Source\portable\MemMang\</path>
         <kind>object</kind>
         <file>heap_2.obj</file>
         <name>heap_2.obj</name>
      </input_file>
      <input_file id="fl-10">
         <path>.\utils\</path>
         <kind>object</kind>
         <file>uartstdio.obj</file>
         <name>uartstdio.obj</name>
      </input_file>
      <input_file id="fl-11">
         <path>.\utils\</path>
         <kind>object</kind>
         <file>ustdlib.obj</file>
         <name>ustdlib.obj</name>
      </input_file>
      <input_file id="fl-16">
         <kind>object</kind>
         <file>&lt;internal&gt;</file>
         <name>&lt;internal&gt;</name>
      </input_file>
      <input_file id="fl-cc">
         <path>C:\ti\ccs920\ccs\tools\compiler\ti-cgt-arm_18.12.3.LTS\lib\</path>
         <kind>archive</kind>
         <file>rtsv7M4_T_le_v4SPD16_eabi.lib</file>
         <name>memset_t2.asm.obj</name>
      </input_file>
      <input_file id="fl-cd">
         <path>C:\ti\ccs920\ccs\tools\compiler\ti-cgt-arm_18.12.3.LTS\lib\</path>
         <kind>archive</kind>
         <file>rtsv7M4_T_le_v4SPD16_eabi.lib</file>
         <name>fs_toull_t2.asm.obj</name>
      </input_file>
      <input_file id="fl-ce">
         <path>C:\ti\ccs920\ccs\tools\compiler\ti-cgt-arm_18.12.3.LTS\lib\</path>
         <kind>archive</kind>
         <file>rtsv7M4_T_le_v4SPD16_eabi.lib</file>
         <name>memcpy_t2.asm.obj</name>
      </input_file>
      <input_file id="fl-cf">
         <path>C:\ti\ccs920\ccs\tools\compiler\ti-cgt-arm_18.12.3.LTS\lib\</path>
         <kind>archive</kind>
         <file>rtsv7M4_T_le_v4SPD16_eabi.lib</file>
         <name>u_divt2.asm.obj</name>
      </input_file>
      <input_file id="fl-d0">
         <path>C:\ti\ccs920\ccs\tools\compiler\ti-cgt-arm_18.12.3.LTS\lib\</path>
         <kind>archive</kind>
         <file>rtsv7M4_T_le_v4SPD16_eabi.lib</file>
         <name>copy_zero_init.c.obj</name>
      </input_file>
      <input_file id="fl-d1">
         <path>C:\ti\ccs920\ccs\tools\compiler\ti-cgt-arm_18.12.3.LTS\lib\</path>
         <kind>archive</kind>
         <file>rtsv7M4_T_le_v4SPD16_eabi.lib</file>
         <name>copy_decompress_none.c.obj</name>
      </input_file>
      <input_file id="fl-d2">
         <path>C:\ti\ccs920\ccs\tools\compiler\ti-cgt-arm_18.12.3.LTS\lib\</path>
         <kind>archive</kind>
         <file>rtsv7M4_T_le_v4SPD16_eabi.lib</file>
         <name>copy_decompress_lzss.c.obj</name>
      </input_file>
      <input_file id="fl-d3">
         <path>C:\ti\ccs920\ccs\tools\compiler\ti-cgt-arm_18.12.3.LTS\lib\</path>
         <kind>archive</kind>
         <file>rtsv7M4_T_le_v4SPD16_eabi.lib</file>
         <name>boot_cortex_m.c.obj</name>
      </input_file>
      <input_file id="fl-d4">
         <path>C:\ti\ccs920\ccs\tools\compiler\ti-cgt-arm_18.12.3.LTS\lib\</path>
         <kind>archive</kind>
         <file>rtsv7M4_T_le_v4SPD16_eabi.lib</file>
         <name>div0.asm.obj</name>
      </input_file>
      <input_file id="fl-d5">
         <path>C:\ti\ccs920\ccs\tools\compiler\ti-cgt-arm_18.12.3.LTS\lib\</path>
         <kind>archive</kind>
         <file>rtsv7M4_T_le_v4SPD16_eabi.lib</file>
         <name>autoinit.c.obj</name>
      </input_file>
      <input_file id="fl-d6">
         <path>C:\ti\ccs920\ccs\tools\compiler\ti-cgt-arm_18.12.3.LTS\lib\</path>
         <kind>archive</kind>
         <file>rtsv7M4_T_le_v4SPD16_eabi.lib</file>
         <name>pre_init.c.obj</name>
      </input_file>
      <input_file id="fl-d7">
         <path>C:\ti\ccs920\ccs\tools\compiler\ti-cgt-arm_18.12.3.LTS\lib\</path>
         <kind>archive</kind>
         <file>rtsv7M4_T_le_v4SPD16_eabi.lib</file>
         <name>cpy_tbl.c.obj</name>
      </input_file>
      <input_file id="fl-d8">
         <path>C:\ti\ccs920\ccs\tools\compiler\ti-cgt-arm_18.12.3.LTS\lib\</path>
         <kind>archive</kind>
         <file>rtsv7M4_T_le_v4SPD16_eabi.lib</file>
         <name>exit.c.obj</name>
      </input_file>
      <input_file id="fl-d9">
         <path>C:\ti\ccs920\ccs\tools\compiler\ti-cgt-arm_18.12.3.LTS\lib\</path>
         <kind>archive</kind>
         <file>rtsv7M4_T_le_v4SPD16_eabi.lib</file>
         <name>_lock.c.obj</name>
      </input_file>
      <input_file id="fl-da">
         <path>C:\ti\ccs920\ccs\tools\compiler\ti-cgt-arm_18.12.3.LTS\lib\</path>
         <kind>archive</kind>
         <file>rtsv7M4_T_le_v4SPD16_eabi.lib</file>
         <name>args_main.c.obj</name>
      </input_file>
      <input_file id="fl-db">
         <path>C:\ti\tivaware_c_series_2_1_4_178\driverlib\ccs\Debug\</path>
         <kind>archive</kind>
         <file>driverlib.lib</file>
         <name>gpio.obj</name>
      </input_file>
      <input_file id="fl-dc">
         <path>C:\ti\tivaware_c_series_2_1_4_178\driverlib\ccs\Debug\</path>
         <kind>archive</kind>
         <file>driverlib.lib</file>
         <name>interrupt.obj</name>
      </input_file>
      <input_file id="fl-dd">
         <path>C:\ti\tivaware_c_series_2_1_4_178\driverlib\ccs\Debug\</path>
         <kind>archive</kind>
         <file>driverlib.lib</file>
         <name>sysctl.obj</name>
      </input_file>
      <input_file id="fl-de">
         <path>C:\ti\tivaware_c_series_2_1_4_178\driverlib\ccs\Debug\</path>
         <kind>archive</kind>
         <file>driverlib.lib</file>
         <name>timer.obj</name>
      </input_file>
      <input_file id="fl-df">
         <path>C:\ti\tivaware_c_series_2_1_4_178\driverlib\ccs\Debug\</path>
         <kind>archive</kind>
         <file>driverlib.lib</file>
         <name>uart.obj</name>
      </input_file>
      <input_file id="fl-e0">
         <path>C:\ti\tivaware_c_series_2_1_4_178\driverlib\ccs\Debug\</path>
         <kind>archive</kind>
         <file>driverlib.lib</file>
         <name>cpu.obj</name>
      </input_file>
   </input_file_list>
   <object_component_list>
      <object_component id="oc-f">
         <name>.intvecs</name>
         <load_address>0x0</load_address>
         <run_address>0x0</run_address>
         <size>0x26c</size>
         <input_file_ref idref="fl-3"/>
      </object_component>
      <object_component id="oc-21f">
         <name>.text:UARTvprintf</name>
         <load_address>0x26c</load_address>
         <run_address>0x26c</run_address>
         <size>0x208</size>
         <input_file_ref idref="fl-10"/>
      </object_component>
      <object_component id="oc-475">
         <name>.text:GPIOPadConfigSet</name>
         <load_address>0x474</load_address>
         <run_address>0x474</run_address>
         <size>0x132</size>
         <input_file_ref idref="fl-db"/>
      </object_component>
      <object_component id="oc-30">
         <name>.text:FaultISR</name>
         <load_address>0x5a6</load_address>
         <run_address>0x5a6</run_address>
         <size>0x2</size>
         <input_file_ref idref="fl-3"/>
      </object_component>
      <object_component id="oc-29d">
         <name>.text:xQueueGenericReceive</name>
         <load_address>0x5a8</load_address>
         <run_address>0x5a8</run_address>
         <size>0x128</size>
         <input_file_ref idref="fl-a"/>
      </object_component>
      <object_component id="oc-498">
         <name>.text:SysCtlClockGet</name>
         <load_address>0x6d0</load_address>
         <run_address>0x6d0</run_address>
         <size>0x110</size>
         <input_file_ref idref="fl-dd"/>
      </object_component>
      <object_component id="oc-9e">
         <name>.text:xTaskIncrementTick</name>
         <load_address>0x7e0</load_address>
         <run_address>0x7e0</run_address>
         <size>0x108</size>
         <input_file_ref idref="fl-b"/>
      </object_component>
      <object_component id="oc-2b6">
         <name>.text:xQueueGenericSend</name>
         <load_address>0x8e8</load_address>
         <run_address>0x8e8</run_address>
         <size>0xfc</size>
         <input_file_ref idref="fl-a"/>
      </object_component>
      <object_component id="oc-19f">
         <name>.text:xTaskGenericCreate</name>
         <load_address>0x9e4</load_address>
         <run_address>0x9e4</run_address>
         <size>0xfc</size>
         <input_file_ref idref="fl-b"/>
      </object_component>
      <object_component id="oc-30e">
         <name>.text:xTaskResumeAll</name>
         <load_address>0xae0</load_address>
         <run_address>0xae0</run_address>
         <size>0xec</size>
         <input_file_ref idref="fl-b"/>
      </object_component>
      <object_component id="oc-459">
         <name>.text:prvProcessReceivedCommands</name>
         <load_address>0xbcc</load_address>
         <run_address>0xbcc</run_address>
         <size>0xe8</size>
         <input_file_ref idref="fl-c"/>
      </object_component>
      <object_component id="oc-3c">
         <name>.text</name>
         <load_address>0xcb4</load_address>
         <run_address>0xcb4</run_address>
         <size>0xd2</size>
         <input_file_ref idref="fl-e"/>
      </object_component>
      <object_component id="oc-36">
         <name>.text:IntDefaultHandler</name>
         <load_address>0xd86</load_address>
         <run_address>0xd86</run_address>
         <size>0x2</size>
         <input_file_ref idref="fl-3"/>
      </object_component>
      <object_component id="oc-2a3">
         <name>.text:LEDWrite</name>
         <load_address>0xd88</load_address>
         <run_address>0xd88</run_address>
         <size>0xbc</size>
         <input_file_ref idref="fl-6"/>
      </object_component>
      <object_component id="oc-102">
         <name>.text:main</name>
         <load_address>0xe44</load_address>
         <run_address>0xe44</run_address>
         <size>0xbc</size>
         <input_file_ref idref="fl-2"/>
      </object_component>
      <object_component id="oc-291">
         <name>.text:xTaskGenericNotify</name>
         <load_address>0xf00</load_address>
         <run_address>0xf00</run_address>
         <size>0xb4</size>
         <input_file_ref idref="fl-b"/>
      </object_component>
      <object_component id="oc-2bc">
         <name>.text:ulTaskNotifyTake</name>
         <load_address>0xfb4</load_address>
         <run_address>0xfb4</run_address>
         <size>0xb0</size>
         <input_file_ref idref="fl-b"/>
      </object_component>
      <object_component id="oc-1b3">
         <name>.text:GetAndTranslateTask</name>
         <load_address>0x1064</load_address>
         <run_address>0x1064</run_address>
         <size>0xac</size>
         <input_file_ref idref="fl-6"/>
      </object_component>
      <object_component id="oc-2b0">
         <name>.text:DecodeString</name>
         <load_address>0x1110</load_address>
         <run_address>0x1110</run_address>
         <size>0xa8</size>
         <input_file_ref idref="fl-7"/>
      </object_component>
      <object_component id="oc-22c">
         <name>.text:pvPortMalloc</name>
         <load_address>0x11b8</load_address>
         <run_address>0x11b8</run_address>
         <size>0xa0</size>
         <input_file_ref idref="fl-f"/>
      </object_component>
      <object_component id="oc-2aa">
         <name>.text:UARTgets</name>
         <load_address>0x1258</load_address>
         <run_address>0x1258</run_address>
         <size>0x9c</size>
         <input_file_ref idref="fl-10"/>
      </object_component>
      <object_component id="oc-5b">
         <name>.text</name>
         <load_address>0x12f4</load_address>
         <run_address>0x12f4</run_address>
         <size>0x9c</size>
         <input_file_ref idref="fl-ce"/>
      </object_component>
      <object_component id="oc-3a8">
         <name>.text:vTaskPriorityInherit</name>
         <load_address>0x1390</load_address>
         <run_address>0x1390</run_address>
         <size>0x98</size>
         <input_file_ref idref="fl-b"/>
      </object_component>
      <object_component id="oc-97">
         <name>.text:vTaskSwitchContext</name>
         <load_address>0x1428</load_address>
         <run_address>0x1428</run_address>
         <size>0x94</size>
         <input_file_ref idref="fl-b"/>
      </object_component>
      <object_component id="oc-bd">
         <name>.text:vTaskNotifyGiveFromISR</name>
         <load_address>0x14bc</load_address>
         <run_address>0x14bc</run_address>
         <size>0x90</size>
         <input_file_ref idref="fl-b"/>
      </object_component>
      <object_component id="oc-1ac">
         <name>.text:FlashMorseTask</name>
         <load_address>0x154c</load_address>
         <run_address>0x154c</run_address>
         <size>0x84</size>
         <input_file_ref idref="fl-6"/>
      </object_component>
      <object_component id="oc-4bd">
         <name>.text:xTaskPriorityDisinherit</name>
         <load_address>0x15d0</load_address>
         <run_address>0x15d0</run_address>
         <size>0x84</size>
         <input_file_ref idref="fl-b"/>
      </object_component>
      <object_component id="oc-47">
         <name>.text:myTimerIntHandler</name>
         <load_address>0x1654</load_address>
         <run_address>0x1654</run_address>
         <size>0x7c</size>
         <input_file_ref idref="fl-6"/>
      </object_component>
      <object_component id="oc-f6">
         <name>.text</name>
         <load_address>0x16d0</load_address>
         <run_address>0x16d0</run_address>
         <size>0x7a</size>
         <input_file_ref idref="fl-cc"/>
      </object_component>
      <object_component id="oc-2a">
         <name>.text:NmiSR</name>
         <load_address>0x174a</load_address>
         <run_address>0x174a</run_address>
         <size>0x2</size>
         <input_file_ref idref="fl-3"/>
      </object_component>
      <object_component id="oc-517">
         <name>.text:prvSwitchTimerLists</name>
         <load_address>0x174c</load_address>
         <run_address>0x174c</run_address>
         <size>0x78</size>
         <input_file_ref idref="fl-c"/>
      </object_component>
      <object_component id="oc-31f">
         <name>.text:xTaskRemoveFromEventList</name>
         <load_address>0x17c4</load_address>
         <run_address>0x17c4</run_address>
         <size>0x78</size>
         <input_file_ref idref="fl-b"/>
      </object_component>
      <object_component id="oc-3da">
         <name>.text:prvCopyDataToQueue</name>
         <load_address>0x183c</load_address>
         <run_address>0x183c</run_address>
         <size>0x76</size>
         <input_file_ref idref="fl-a"/>
      </object_component>
      <object_component id="oc-412">
         <name>.text</name>
         <load_address>0x18b2</load_address>
         <run_address>0x18b2</run_address>
         <size>0x2</size>
         <input_file_ref idref="fl-d4"/>
      </object_component>
      <object_component id="oc-232">
         <name>.text:xQueueGenericReset</name>
         <load_address>0x18b4</load_address>
         <run_address>0x18b4</run_address>
         <size>0x74</size>
         <input_file_ref idref="fl-a"/>
      </object_component>
      <object_component id="oc-453">
         <name>.text:prvProcessTimerOrBlockTask</name>
         <load_address>0x1928</load_address>
         <run_address>0x1928</run_address>
         <size>0x70</size>
         <input_file_ref idref="fl-c"/>
      </object_component>
      <object_component id="oc-18d">
         <name>.text:ConfigureUART</name>
         <load_address>0x1998</load_address>
         <run_address>0x1998</run_address>
         <size>0x6c</size>
         <input_file_ref idref="fl-8"/>
      </object_component>
      <object_component id="oc-b1">
         <name>.text:IntDisable</name>
         <load_address>0x1a04</load_address>
         <run_address>0x1a04</run_address>
         <size>0x68</size>
         <input_file_ref idref="fl-dc"/>
      </object_component>
      <object_component id="oc-4a4">
         <name>.text:IntEnable</name>
         <load_address>0x1a6c</load_address>
         <run_address>0x1a6c</run_address>
         <size>0x68</size>
         <input_file_ref idref="fl-dc"/>
      </object_component>
      <object_component id="oc-218">
         <name>.text:UARTStdioConfig</name>
         <load_address>0x1ad4</load_address>
         <run_address>0x1ad4</run_address>
         <size>0x68</size>
         <input_file_ref idref="fl-10"/>
      </object_component>
      <object_component id="oc-12">
         <name>.text:decompress:lzss:__TI_decompress_lzss</name>
         <load_address>0x1b3c</load_address>
         <run_address>0x1b3c</run_address>
         <size>0x68</size>
         <input_file_ref idref="fl-d2"/>
      </object_component>
      <object_component id="oc-253">
         <name>.text:prvInitialiseTaskLists</name>
         <load_address>0x1ba4</load_address>
         <run_address>0x1ba4</run_address>
         <size>0x68</size>
         <input_file_ref idref="fl-b"/>
      </object_component>
      <object_component id="oc-1a5">
         <name>.text:vTaskStartScheduler</name>
         <load_address>0x1c0c</load_address>
         <run_address>0x1c0c</run_address>
         <size>0x68</size>
         <input_file_ref idref="fl-b"/>
      </object_component>
      <object_component id="oc-374">
         <name>.text:prvCheckTasksWaitingTermination</name>
         <load_address>0x1c74</load_address>
         <run_address>0x1c74</run_address>
         <size>0x64</size>
         <input_file_ref idref="fl-b"/>
      </object_component>
      <object_component id="oc-39c">
         <name>.text:prvUnlockQueue</name>
         <load_address>0x1cd8</load_address>
         <run_address>0x1cd8</run_address>
         <size>0x62</size>
         <input_file_ref idref="fl-a"/>
      </object_component>
      <object_component id="oc-11a">
         <name>.text:vApplicationStackOverflowHook</name>
         <load_address>0x1d3a</load_address>
         <run_address>0x1d3a</run_address>
         <size>0x2</size>
         <input_file_ref idref="fl-2"/>
      </object_component>
      <object_component id="oc-279">
         <name>.text:TimerConfigure</name>
         <load_address>0x1d3c</load_address>
         <run_address>0x1d3c</run_address>
         <size>0x60</size>
         <input_file_ref idref="fl-de"/>
      </object_component>
      <object_component id="oc-396">
         <name>.text:xTaskCheckForTimeOut</name>
         <load_address>0x1d9c</load_address>
         <run_address>0x1d9c</run_address>
         <size>0x60</size>
         <input_file_ref idref="fl-b"/>
      </object_component>
      <object_component id="oc-35a">
         <name>.text:prvCheckForValidListAndQueue</name>
         <load_address>0x1dfc</load_address>
         <run_address>0x1dfc</run_address>
         <size>0x5c</size>
         <input_file_ref idref="fl-c"/>
      </object_component>
      <object_component id="oc-52c">
         <name>.text:xQueueGenericSendFromISR</name>
         <load_address>0x1e58</load_address>
         <run_address>0x1e58</run_address>
         <size>0x5c</size>
         <input_file_ref idref="fl-a"/>
      </object_component>
      <object_component id="oc-4e8">
         <name>.text:prvProcessExpiredTimer</name>
         <load_address>0x1eb4</load_address>
         <run_address>0x1eb4</run_address>
         <size>0x58</size>
         <input_file_ref idref="fl-c"/>
      </object_component>
      <object_component id="oc-3ae">
         <name>.text:vTaskPlaceOnEventList</name>
         <load_address>0x1f0c</load_address>
         <run_address>0x1f0c</run_address>
         <size>0x58</size>
         <input_file_ref idref="fl-b"/>
      </object_component>
      <object_component id="oc-51d">
         <name>.text:vTaskPlaceOnEventListRestricted</name>
         <load_address>0x1f64</load_address>
         <run_address>0x1f64</run_address>
         <size>0x58</size>
         <input_file_ref idref="fl-b"/>
      </object_component>
      <object_component id="oc-4f5">
         <name>.text:xTimerGenericCommand</name>
         <load_address>0x1fbc</load_address>
         <run_address>0x1fbc</run_address>
         <size>0x54</size>
         <input_file_ref idref="fl-c"/>
      </object_component>
      <object_component id="oc-241">
         <name>.text:prvInitialiseTCBVariables</name>
         <load_address>0x2010</load_address>
         <run_address>0x2010</run_address>
         <size>0x50</size>
         <input_file_ref idref="fl-b"/>
      </object_component>
      <object_component id="oc-2f1">
         <name>.text:UARTwrite</name>
         <load_address>0x2060</load_address>
         <run_address>0x2060</run_address>
         <size>0x4c</size>
         <input_file_ref idref="fl-10"/>
      </object_component>
      <object_component id="oc-285">
         <name>.text:init_led_gpio</name>
         <load_address>0x20ac</load_address>
         <run_address>0x20ac</run_address>
         <size>0x4c</size>
         <input_file_ref idref="fl-6"/>
      </object_component>
      <object_component id="oc-3e1">
         <name>.text:prvAddCurrentTaskToDelayedList</name>
         <load_address>0x20f8</load_address>
         <run_address>0x20f8</run_address>
         <size>0x4c</size>
         <input_file_ref idref="fl-b"/>
      </object_component>
      <object_component id="oc-4ef">
         <name>.text:prvInsertTimerInActiveList</name>
         <load_address>0x2144</load_address>
         <run_address>0x2144</run_address>
         <size>0x4c</size>
         <input_file_ref idref="fl-c"/>
      </object_component>
      <object_component id="oc-1c6">
         <name>.text:__TI_auto_init_nobinit_nopinit:__TI_auto_init_nobinit_nopinit</name>
         <load_address>0x2190</load_address>
         <run_address>0x2190</run_address>
         <size>0x44</size>
         <input_file_ref idref="fl-d5"/>
      </object_component>
      <object_component id="oc-260">
         <name>.text:xTimerCreateTimerTask</name>
         <load_address>0x21d4</load_address>
         <run_address>0x21d4</run_address>
         <size>0x44</size>
         <input_file_ref idref="fl-c"/>
      </object_component>
      <object_component id="oc-199">
         <name>.text:xQueueGenericCreate</name>
         <load_address>0x2218</load_address>
         <run_address>0x2218</run_address>
         <size>0x42</size>
         <input_file_ref idref="fl-a"/>
      </object_component>
      <object_component id="oc-2f7">
         <name>.text</name>
         <load_address>0x225a</load_address>
         <run_address>0x225a</run_address>
         <size>0x40</size>
         <input_file_ref idref="fl-cf"/>
      </object_component>
      <object_component id="oc-4e2">
         <name>.text:vQueueWaitForMessageRestricted</name>
         <load_address>0x229a</load_address>
         <run_address>0x229a</run_address>
         <size>0x40</size>
         <input_file_ref idref="fl-a"/>
      </object_component>
      <object_component id="oc-266">
         <name>.text:xPortStartScheduler</name>
         <load_address>0x22dc</load_address>
         <run_address>0x22dc</run_address>
         <size>0x40</size>
         <input_file_ref idref="fl-d"/>
      </object_component>
      <object_component id="oc-23b">
         <name>.text:prvAllocateTCBAndStack</name>
         <load_address>0x231c</load_address>
         <run_address>0x231c</run_address>
         <size>0x3e</size>
         <input_file_ref idref="fl-b"/>
      </object_component>
      <object_component id="oc-333">
         <name>.text:vPortFree</name>
         <load_address>0x235c</load_address>
         <run_address>0x235c</run_address>
         <size>0x3c</size>
         <input_file_ref idref="fl-f"/>
      </object_component>
      <object_component id="oc-3c1">
         <name>.text:StartMorseTimer</name>
         <load_address>0x2398</load_address>
         <run_address>0x2398</run_address>
         <size>0x34</size>
         <input_file_ref idref="fl-6"/>
      </object_component>
      <object_component id="oc-273">
         <name>.text:SysCtlPeripheralEnable</name>
         <load_address>0x23cc</load_address>
         <run_address>0x23cc</run_address>
         <size>0x34</size>
         <input_file_ref idref="fl-dd"/>
      </object_component>
      <object_component id="oc-79">
         <name>.text:_c_int00_noargs:_c_int00_noargs</name>
         <load_address>0x2400</load_address>
         <run_address>0x2400</run_address>
         <size>0x34</size>
         <input_file_ref idref="fl-d3"/>
      </object_component>
      <object_component id="oc-48f">
         <name>.text:vListInsert</name>
         <load_address>0x2434</load_address>
         <run_address>0x2434</run_address>
         <size>0x32</size>
         <input_file_ref idref="fl-9"/>
      </object_component>
      <object_component id="oc-308">
         <name>.text:prvHeapInit</name>
         <load_address>0x2468</load_address>
         <run_address>0x2468</run_address>
         <size>0x30</size>
         <input_file_ref idref="fl-f"/>
      </object_component>
      <object_component id="oc-43d">
         <name>.text:vQueueAddToRegistry</name>
         <load_address>0x2498</load_address>
         <run_address>0x2498</run_address>
         <size>0x30</size>
         <input_file_ref idref="fl-a"/>
      </object_component>
      <object_component id="oc-124">
         <name>.text:prvResetNextTaskUnblockTime</name>
         <load_address>0x24c8</load_address>
         <run_address>0x24c8</run_address>
         <size>0x2c</size>
         <input_file_ref idref="fl-b"/>
      </object_component>
      <object_component id="oc-4e0">
         <name>.text:prvSampleTimeNow</name>
         <load_address>0x24f4</load_address>
         <run_address>0x24f4</run_address>
         <size>0x2c</size>
         <input_file_ref idref="fl-c"/>
      </object_component>
      <object_component id="oc-41">
         <name>.text:xPortSysTickHandler</name>
         <load_address>0x2520</load_address>
         <run_address>0x2520</run_address>
         <size>0x2c</size>
         <input_file_ref idref="fl-d"/>
      </object_component>
      <object_component id="oc-47b">
         <name>.text:GPIODirModeSet</name>
         <load_address>0x254c</load_address>
         <run_address>0x254c</run_address>
         <size>0x2a</size>
         <input_file_ref idref="fl-db"/>
      </object_component>
      <object_component id="oc-3c9">
         <name>.text:LookupIdx</name>
         <load_address>0x2576</load_address>
         <run_address>0x2576</run_address>
         <size>0x2a</size>
         <input_file_ref idref="fl-7"/>
      </object_component>
      <object_component id="oc-3b4">
         <name>.text:prvCopyDataFromQueue</name>
         <load_address>0x25a0</load_address>
         <run_address>0x25a0</run_address>
         <size>0x28</size>
         <input_file_ref idref="fl-a"/>
      </object_component>
      <object_component id="oc-247">
         <name>.text:pxPortInitialiseStack</name>
         <load_address>0x25c8</load_address>
         <run_address>0x25c8</run_address>
         <size>0x28</size>
         <input_file_ref idref="fl-d"/>
      </object_component>
      <object_component id="oc-12a">
         <name>.text:uxListRemove</name>
         <load_address>0x25f0</load_address>
         <run_address>0x25f0</run_address>
         <size>0x26</size>
         <input_file_ref idref="fl-9"/>
      </object_component>
      <object_component id="oc-44d">
         <name>.text:prvGetNextExpireTime</name>
         <load_address>0x2618</load_address>
         <run_address>0x2618</run_address>
         <size>0x24</size>
         <input_file_ref idref="fl-c"/>
      </object_component>
      <object_component id="oc-526">
         <name>.text:xTaskGetSchedulerState</name>
         <load_address>0x263c</load_address>
         <run_address>0x263c</run_address>
         <size>0x20</size>
         <input_file_ref idref="fl-b"/>
      </object_component>
      <object_component id="oc-3d4">
         <name>.text:prvIsQueueFull</name>
         <load_address>0x265c</load_address>
         <run_address>0x265c</run_address>
         <size>0x1e</size>
         <input_file_ref idref="fl-a"/>
      </object_component>
      <object_component id="oc-325">
         <name>.text:vListInitialise</name>
         <load_address>0x267a</load_address>
         <run_address>0x267a</run_address>
         <size>0x1e</size>
         <input_file_ref idref="fl-9"/>
      </object_component>
      <object_component id="oc-24d">
         <name>.text:vPortEnterCritical</name>
         <load_address>0x2698</load_address>
         <run_address>0x2698</run_address>
         <size>0x1c</size>
         <input_file_ref idref="fl-d"/>
      </object_component>
      <object_component id="oc-193">
         <name>.text:UARTprintf</name>
         <load_address>0x26b4</load_address>
         <run_address>0x26b4</run_address>
         <size>0x1a</size>
         <input_file_ref idref="fl-10"/>
      </object_component>
      <object_component id="oc-3a2">
         <name>.text:prvIsQueueEmpty</name>
         <load_address>0x26ce</load_address>
         <run_address>0x26ce</run_address>
         <size>0x1a</size>
         <input_file_ref idref="fl-a"/>
      </object_component>
      <object_component id="oc-385">
         <name>.text:GPIOPinTypeGPIOOutput</name>
         <load_address>0x26e8</load_address>
         <run_address>0x26e8</run_address>
         <size>0x18</size>
         <input_file_ref idref="fl-db"/>
      </object_component>
      <object_component id="oc-b7">
         <name>.text:TimerDisable</name>
         <load_address>0x2700</load_address>
         <run_address>0x2700</run_address>
         <size>0x18</size>
         <input_file_ref idref="fl-de"/>
      </object_component>
      <object_component id="oc-3ba">
         <name>.text:pvTaskIncrementMutexHeldCount</name>
         <load_address>0x2718</load_address>
         <run_address>0x2718</run_address>
         <size>0x18</size>
         <input_file_ref idref="fl-b"/>
      </object_component>
      <object_component id="oc-130">
         <name>.text:vListInsertEnd</name>
         <load_address>0x2730</load_address>
         <run_address>0x2730</run_address>
         <size>0x18</size>
         <input_file_ref idref="fl-9"/>
      </object_component>
      <object_component id="oc-259">
         <name>.text:vPortExitCritical</name>
         <load_address>0x2748</load_address>
         <run_address>0x2748</run_address>
         <size>0x18</size>
         <input_file_ref idref="fl-d"/>
      </object_component>
      <object_component id="oc-390">
         <name>.text:vTaskSetTimeOutState</name>
         <load_address>0x2760</load_address>
         <run_address>0x2760</run_address>
         <size>0x18</size>
         <input_file_ref idref="fl-b"/>
      </object_component>
      <object_component id="oc-360">
         <name>.text:prvTimerTask</name>
         <load_address>0x2778</load_address>
         <run_address>0x2778</run_address>
         <size>0x14</size>
         <input_file_ref idref="fl-c"/>
      </object_component>
      <object_component id="oc-36d">
         <name>.text:vPortSetupTimerInterrupt</name>
         <load_address>0x278c</load_address>
         <run_address>0x278c</run_address>
         <size>0x14</size>
         <input_file_ref idref="fl-d"/>
      </object_component>
      <object_component id="oc-49e">
         <name>.text:TimerLoadSet</name>
         <load_address>0x27a0</load_address>
         <run_address>0x27a0</run_address>
         <size>0x12</size>
         <input_file_ref idref="fl-de"/>
      </object_component>
      <object_component id="oc-466">
         <name>.text:prvDeleteTCB</name>
         <load_address>0x27b2</load_address>
         <run_address>0x27b2</run_address>
         <size>0x12</size>
         <input_file_ref idref="fl-b"/>
      </object_component>
      <object_component id="oc-28b">
         <name>.text:uxQueueMessagesWaiting</name>
         <load_address>0x27c4</load_address>
         <run_address>0x27c4</run_address>
         <size>0x12</size>
         <input_file_ref idref="fl-a"/>
      </object_component>
      <object_component id="oc-27f">
         <name>.text:IntMasterEnable</name>
         <load_address>0x27d6</load_address>
         <run_address>0x27d6</run_address>
         <size>0x10</size>
         <input_file_ref idref="fl-dc"/>
      </object_component>
      <object_component id="oc-341">
         <name>.text:prvTaskExitError</name>
         <load_address>0x27e6</load_address>
         <run_address>0x27e6</run_address>
         <size>0x10</size>
         <input_file_ref idref="fl-d"/>
      </object_component>
      <object_component id="oc-302">
         <name>.text:vTaskSuspendAll</name>
         <load_address>0x27f8</load_address>
         <run_address>0x27f8</run_address>
         <size>0x10</size>
         <input_file_ref idref="fl-b"/>
      </object_component>
      <object_component id="oc-4b0">
         <name>.text:TimerEnable</name>
         <load_address>0x2808</load_address>
         <run_address>0x2808</run_address>
         <size>0xe</size>
         <input_file_ref idref="fl-de"/>
      </object_component>
      <object_component id="oc-18">
         <name>.text:decompress:none:__TI_decompress_none</name>
         <load_address>0x2816</load_address>
         <run_address>0x2816</run_address>
         <size>0xe</size>
         <input_file_ref idref="fl-d1"/>
      </object_component>
      <object_component id="oc-37e">
         <name>.text:CPUcpsie</name>
         <load_address>0x2824</load_address>
         <run_address>0x2824</run_address>
         <size>0xc</size>
         <input_file_ref idref="fl-e0"/>
      </object_component>
      <object_component id="oc-6d">
         <name>.text:decompress:ZI:__TI_zero_init</name>
         <load_address>0x2830</load_address>
         <run_address>0x2830</run_address>
         <size>0xc</size>
         <input_file_ref idref="fl-d0"/>
      </object_component>
      <object_component id="oc-486">
         <name>.text:vTaskMissedYield</name>
         <load_address>0x283c</load_address>
         <run_address>0x283c</run_address>
         <size>0xc</size>
         <input_file_ref idref="fl-b"/>
      </object_component>
      <object_component id="oc-511">
         <name>.text:xTaskGetTickCount</name>
         <load_address>0x2848</load_address>
         <run_address>0x2848</run_address>
         <size>0xc</size>
         <input_file_ref idref="fl-b"/>
      </object_component>
      <object_component id="oc-ab">
         <name>.text:TimerIntDisable</name>
         <load_address>0x2854</load_address>
         <run_address>0x2854</run_address>
         <size>0xa</size>
         <input_file_ref idref="fl-de"/>
      </object_component>
      <object_component id="oc-4aa">
         <name>.text:TimerIntEnable</name>
         <load_address>0x285e</load_address>
         <run_address>0x285e</run_address>
         <size>0x8</size>
         <input_file_ref idref="fl-de"/>
      </object_component>
      <object_component id="oc-26c">
         <name>.text:prvIdleTask</name>
         <load_address>0x2866</load_address>
         <run_address>0x2866</run_address>
         <size>0x8</size>
         <input_file_ref idref="fl-b"/>
      </object_component>
      <object_component id="oc-297">
         <name>.text:GPIOPinWrite</name>
         <load_address>0x286e</load_address>
         <run_address>0x286e</run_address>
         <size>0x6</size>
         <input_file_ref idref="fl-db"/>
      </object_component>
      <object_component id="oc-24">
         <name>.text:ResetISR</name>
         <load_address>0x2874</load_address>
         <run_address>0x2874</run_address>
         <size>0x6</size>
         <input_file_ref idref="fl-3"/>
      </object_component>
      <object_component id="oc-212">
         <name>.text:UARTClockSourceSet</name>
         <load_address>0x287a</load_address>
         <run_address>0x287a</run_address>
         <size>0x6</size>
         <input_file_ref idref="fl-df"/>
      </object_component>
      <object_component id="oc-33a">
         <name>.text:vListInitialiseItem</name>
         <load_address>0x2880</load_address>
         <run_address>0x2880</run_address>
         <size>0x6</size>
         <input_file_ref idref="fl-9"/>
      </object_component>
      <object_component id="oc-a5">
         <name>.text:TimerIntClear</name>
         <load_address>0x2886</load_address>
         <run_address>0x2886</run_address>
         <size>0x4</size>
         <input_file_ref idref="fl-de"/>
      </object_component>
      <object_component id="oc-fc">
         <name>.text:_system_pre_init</name>
         <load_address>0x288a</load_address>
         <run_address>0x288a</run_address>
         <size>0x4</size>
         <input_file_ref idref="fl-d6"/>
      </object_component>
      <object_component id="oc-1ba">
         <name>.text:abort:abort</name>
         <load_address>0x288e</load_address>
         <run_address>0x288e</run_address>
         <size>0x4</size>
         <input_file_ref idref="fl-d8"/>
      </object_component>
      <object_component id="oc-142">
         <name>.const</name>
         <load_address>0x2894</load_address>
         <run_address>0x2894</run_address>
         <size>0x70</size>
         <input_file_ref idref="fl-dc"/>
      </object_component>
      <object_component id="oc-508">
         <name>.const:g_pui32Xtals</name>
         <load_address>0x2904</load_address>
         <run_address>0x2904</run_address>
         <size>0x6c</size>
         <input_file_ref idref="fl-dd"/>
      </object_component>
      <object_component id="oc-418">
         <name>.const:.string</name>
         <load_address>0x2970</load_address>
         <run_address>0x2970</run_address>
         <size>0x12</size>
         <input_file_ref idref="fl-10"/>
      </object_component>
      <object_component id="oc-2ed">
         <name>.const:g_ui32UARTBase</name>
         <load_address>0x2984</load_address>
         <run_address>0x2984</run_address>
         <size>0xc</size>
         <input_file_ref idref="fl-10"/>
      </object_component>
      <object_component id="oc-2e7">
         <name>.const:g_ui32UARTPeriph</name>
         <load_address>0x2990</load_address>
         <run_address>0x2990</run_address>
         <size>0xc</size>
         <input_file_ref idref="fl-10"/>
      </object_component>
      <object_component id="oc-94">
         <name>.const</name>
         <load_address>0x299c</load_address>
         <run_address>0x299c</run_address>
         <size>0x4</size>
         <input_file_ref idref="fl-d"/>
      </object_component>
      <object_component id="oc-2fc">
         <name>.const</name>
         <load_address>0x29a0</load_address>
         <run_address>0x29a0</run_address>
         <size>0x4</size>
         <input_file_ref idref="fl-10"/>
      </object_component>
      <object_component id="oc-563">
         <name>.cinit..data.load</name>
         <load_address>0x29a8</load_address>
         <run_address>0x29a8</run_address>
         <size>0x8a</size>
      </object_component>
      <object_component id="oc-561">
         <name>__TI_handler_table</name>
         <load_address>0x2a34</load_address>
         <run_address>0x2a34</run_address>
         <size>0xc</size>
      </object_component>
      <object_component id="oc-564">
         <name>.cinit..bss.load</name>
         <load_address>0x2a40</load_address>
         <run_address>0x2a40</run_address>
         <size>0x8</size>
      </object_component>
      <object_component id="oc-562">
         <name>__TI_cinit_table</name>
         <load_address>0x2a48</load_address>
         <run_address>0x2a48</run_address>
         <size>0x10</size>
      </object_component>
      <object_component id="oc-c3">
         <name>.data</name>
         <load_address>0x20007aa0</load_address>
         <run_address>0x20007aa0</run_address>
         <size>0x8</size>
         <input_file_ref idref="fl-6"/>
      </object_component>
      <object_component id="oc-3cf">
         <name>.data:MorseLookup</name>
         <load_address>0x20007980</load_address>
         <run_address>0x20007980</run_address>
         <size>0xe4</size>
         <input_file_ref idref="fl-7"/>
      </object_component>
      <object_component id="oc-91">
         <name>.data</name>
         <load_address>0x20007a64</load_address>
         <run_address>0x20007a64</run_address>
         <size>0x30</size>
         <input_file_ref idref="fl-b"/>
      </object_component>
      <object_component id="oc-366">
         <name>.data</name>
         <load_address>0x20007a94</load_address>
         <run_address>0x20007a94</run_address>
         <size>0xc</size>
         <input_file_ref idref="fl-c"/>
      </object_component>
      <object_component id="oc-348">
         <name>.data</name>
         <load_address>0x20007ab8</load_address>
         <run_address>0x20007ab8</run_address>
         <size>0x4</size>
         <input_file_ref idref="fl-d"/>
      </object_component>
      <object_component id="oc-314">
         <name>.data</name>
         <load_address>0x20007aa8</load_address>
         <run_address>0x20007aa8</run_address>
         <size>0x8</size>
         <input_file_ref idref="fl-f"/>
      </object_component>
      <object_component id="oc-2ea">
         <name>.data</name>
         <load_address>0x20007ab0</load_address>
         <run_address>0x20007ab0</run_address>
         <size>0x5</size>
         <input_file_ref idref="fl-10"/>
      </object_component>
      <object_component id="oc-120">
         <name>.bss:pxReadyTasksLists</name>
         <uninitialized>true</uninitialized>
         <run_address>0x20007530</run_address>
         <size>0x140</size>
         <input_file_ref idref="fl-b"/>
      </object_component>
      <object_component id="oc-34c">
         <name>.bss:xDelayedTaskList1</name>
         <uninitialized>true</uninitialized>
         <run_address>0x200076e8</run_address>
         <size>0x14</size>
         <input_file_ref idref="fl-b"/>
      </object_component>
      <object_component id="oc-34f">
         <name>.bss:xDelayedTaskList2</name>
         <uninitialized>true</uninitialized>
         <run_address>0x200076fc</run_address>
         <size>0x14</size>
         <input_file_ref idref="fl-b"/>
      </object_component>
      <object_component id="oc-136">
         <name>.bss</name>
         <uninitialized>true</uninitialized>
         <run_address>0x2000774c</run_address>
         <size>0x8</size>
         <input_file_ref idref="fl-b"/>
      </object_component>
      <object_component id="oc-148">
         <name>.bss:xPendingReadyList</name>
         <uninitialized>true</uninitialized>
         <run_address>0x20007710</run_address>
         <size>0x14</size>
         <input_file_ref idref="fl-b"/>
      </object_component>
      <object_component id="oc-352">
         <name>.bss:xTasksWaitingTermination</name>
         <uninitialized>true</uninitialized>
         <run_address>0x20007738</run_address>
         <size>0x14</size>
         <input_file_ref idref="fl-b"/>
      </object_component>
      <object_component id="oc-355">
         <name>.bss:xSuspendedTaskList</name>
         <uninitialized>true</uninitialized>
         <run_address>0x20007724</run_address>
         <size>0x14</size>
         <input_file_ref idref="fl-b"/>
      </object_component>
      <object_component id="oc-443">
         <name>.bss:xActiveTimerList1</name>
         <uninitialized>true</uninitialized>
         <run_address>0x200076c0</run_address>
         <size>0x14</size>
         <input_file_ref idref="fl-c"/>
      </object_component>
      <object_component id="oc-446">
         <name>.bss:xActiveTimerList2</name>
         <uninitialized>true</uninitialized>
         <run_address>0x200076d4</run_address>
         <size>0x14</size>
         <input_file_ref idref="fl-c"/>
      </object_component>
      <object_component id="oc-449">
         <name>.bss</name>
         <uninitialized>true</uninitialized>
         <run_address>0x20007754</run_address>
         <size>0x8</size>
         <input_file_ref idref="fl-c"/>
      </object_component>
      <object_component id="oc-41c">
         <name>.bss:ucHeap</name>
         <uninitialized>true</uninitialized>
         <run_address>0x20000000</run_address>
         <size>0x7530</size>
         <input_file_ref idref="fl-f"/>
      </object_component>
      <object_component id="oc-317">
         <name>.bss:xStart</name>
         <uninitialized>true</uninitialized>
         <run_address>0x20007764</run_address>
         <size>0x8</size>
         <input_file_ref idref="fl-f"/>
      </object_component>
      <object_component id="oc-31a">
         <name>.bss:xEnd</name>
         <uninitialized>true</uninitialized>
         <run_address>0x2000775c</run_address>
         <size>0x8</size>
         <input_file_ref idref="fl-f"/>
      </object_component>
      <object_component id="oc-1ab">
         <name>.common:mqTranslatedChars</name>
         <uninitialized>true</uninitialized>
         <run_address>0x2000776c</run_address>
         <size>0x4</size>
      </object_component>
      <object_component id="oc-c7">
         <name>.common:thFlashMorse</name>
         <uninitialized>true</uninitialized>
         <run_address>0x20007770</run_address>
         <size>0x4</size>
      </object_component>
      <object_component id="oc-1b2">
         <name>.common:thGetAndTrans</name>
         <uninitialized>true</uninitialized>
         <run_address>0x20007774</run_address>
         <size>0x4</size>
      </object_component>
      <object_component id="oc-c4">
         <name>.common:unitDuration</name>
         <uninitialized>true</uninitialized>
         <run_address>0x20007778</run_address>
         <size>0x4</size>
      </object_component>
      <object_component id="oc-4d7">
         <name>.common:xQueueRegistry</name>
         <uninitialized>true</uninitialized>
         <run_address>0x20007670</run_address>
         <size>0x50</size>
      </object_component>
      <object_component id="oc-21">
         <name>.stack</name>
         <uninitialized>true</uninitialized>
         <run_address>0x20007780</run_address>
         <size>0x4</size>
         <input_file_ref idref="fl-d3"/>
      </object_component>
      <object_component id="oc-565">
         <name>.stack</name>
         <uninitialized>true</uninitialized>
         <run_address>0x20007780</run_address>
         <size>0x0</size>
      </object_component>
      <object_component id="oc-c8">
         <name>.debug_info</name>
         <load_address>0x0</load_address>
         <run_address>0x0</run_address>
         <size>0x597</size>
         <input_file_ref idref="fl-2"/>
      </object_component>
      <object_component id="oc-11c">
         <name>.debug_info</name>
         <load_address>0x597</load_address>
         <run_address>0x597</run_address>
         <size>0x16d</size>
         <input_file_ref idref="fl-2"/>
      </object_component>
      <object_component id="oc-103">
         <name>.debug_info</name>
         <load_address>0x704</load_address>
         <run_address>0x704</run_address>
         <size>0x1a5</size>
         <input_file_ref idref="fl-2"/>
      </object_component>
      <object_component id="oc-158">
         <name>.debug_info</name>
         <load_address>0x8a9</load_address>
         <run_address>0x8a9</run_address>
         <size>0x8e</size>
         <input_file_ref idref="fl-2"/>
      </object_component>
      <object_component id="oc-14c">
         <name>.debug_info</name>
         <load_address>0x937</load_address>
         <run_address>0x937</run_address>
         <size>0x2ef</size>
         <input_file_ref idref="fl-2"/>
      </object_component>
      <object_component id="oc-d7">
         <name>.debug_info</name>
         <load_address>0xc26</load_address>
         <run_address>0xc26</run_address>
         <size>0x26b</size>
         <input_file_ref idref="fl-2"/>
      </object_component>
      <object_component id="oc-56">
         <name>.debug_info</name>
         <load_address>0xe91</load_address>
         <run_address>0xe91</run_address>
         <size>0x84</size>
         <input_file_ref idref="fl-2"/>
      </object_component>
      <object_component id="oc-15d">
         <name>.debug_info</name>
         <load_address>0xf15</load_address>
         <run_address>0xf15</run_address>
         <size>0x46</size>
         <input_file_ref idref="fl-2"/>
      </object_component>
      <object_component id="oc-16e">
         <name>.debug_info</name>
         <load_address>0xf5b</load_address>
         <run_address>0xf5b</run_address>
         <size>0x2c</size>
         <input_file_ref idref="fl-2"/>
      </object_component>
      <object_component id="oc-162">
         <name>.debug_info</name>
         <load_address>0xf87</load_address>
         <run_address>0xf87</run_address>
         <size>0x46</size>
         <input_file_ref idref="fl-2"/>
      </object_component>
      <object_component id="oc-173">
         <name>.debug_info</name>
         <load_address>0xfcd</load_address>
         <run_address>0xfcd</run_address>
         <size>0x2c</size>
         <input_file_ref idref="fl-2"/>
      </object_component>
      <object_component id="oc-178">
         <name>.debug_info</name>
         <load_address>0xff9</load_address>
         <run_address>0xff9</run_address>
         <size>0x297</size>
         <input_file_ref idref="fl-2"/>
      </object_component>
      <object_component id="oc-dc">
         <name>.debug_info</name>
         <load_address>0x1290</load_address>
         <run_address>0x1290</run_address>
         <size>0xbb</size>
         <input_file_ref idref="fl-2"/>
      </object_component>
      <object_component id="oc-d0">
         <name>.debug_info</name>
         <load_address>0x134b</load_address>
         <run_address>0x134b</run_address>
         <size>0x53</size>
         <input_file_ref idref="fl-2"/>
      </object_component>
      <object_component id="oc-227">
         <name>.debug_info</name>
         <load_address>0x139e</load_address>
         <run_address>0x139e</run_address>
         <size>0x2c</size>
         <input_file_ref idref="fl-2"/>
      </object_component>
      <object_component id="oc-167">
         <name>.debug_info</name>
         <load_address>0x13ca</load_address>
         <run_address>0x13ca</run_address>
         <size>0x14c</size>
         <input_file_ref idref="fl-2"/>
      </object_component>
      <object_component id="oc-4f">
         <name>.debug_info</name>
         <load_address>0x1516</load_address>
         <run_address>0x1516</run_address>
         <size>0x34c</size>
         <input_file_ref idref="fl-3"/>
      </object_component>
      <object_component id="oc-10">
         <name>.debug_info</name>
         <load_address>0x1862</load_address>
         <run_address>0x1862</run_address>
         <size>0xe1</size>
         <input_file_ref idref="fl-3"/>
      </object_component>
      <object_component id="oc-25">
         <name>.debug_info</name>
         <load_address>0x1943</load_address>
         <run_address>0x1943</run_address>
         <size>0x111</size>
         <input_file_ref idref="fl-3"/>
      </object_component>
      <object_component id="oc-2b">
         <name>.debug_info</name>
         <load_address>0x1a54</load_address>
         <run_address>0x1a54</run_address>
         <size>0x102</size>
         <input_file_ref idref="fl-3"/>
      </object_component>
      <object_component id="oc-37">
         <name>.debug_info</name>
         <load_address>0x1b56</load_address>
         <run_address>0x1b56</run_address>
         <size>0x11a</size>
         <input_file_ref idref="fl-3"/>
      </object_component>
      <object_component id="oc-34">
         <name>.debug_info</name>
         <load_address>0x1c70</load_address>
         <run_address>0x1c70</run_address>
         <size>0x108</size>
         <input_file_ref idref="fl-3"/>
      </object_component>
      <object_component id="oc-c5">
         <name>.debug_info</name>
         <load_address>0x1d78</load_address>
         <run_address>0x1d78</run_address>
         <size>0x8ff</size>
         <input_file_ref idref="fl-6"/>
      </object_component>
      <object_component id="oc-49">
         <name>.debug_info</name>
         <load_address>0x2677</load_address>
         <run_address>0x2677</run_address>
         <size>0x1ee</size>
         <input_file_ref idref="fl-6"/>
      </object_component>
      <object_component id="oc-287">
         <name>.debug_info</name>
         <load_address>0x2865</load_address>
         <run_address>0x2865</run_address>
         <size>0x1b9</size>
         <input_file_ref idref="fl-6"/>
      </object_component>
      <object_component id="oc-3c3">
         <name>.debug_info</name>
         <load_address>0x2a1e</load_address>
         <run_address>0x2a1e</run_address>
         <size>0x172</size>
         <input_file_ref idref="fl-6"/>
      </object_component>
      <object_component id="oc-2a4">
         <name>.debug_info</name>
         <load_address>0x2b90</load_address>
         <run_address>0x2b90</run_address>
         <size>0x208</size>
         <input_file_ref idref="fl-6"/>
      </object_component>
      <object_component id="oc-1b4">
         <name>.debug_info</name>
         <load_address>0x2d98</load_address>
         <run_address>0x2d98</run_address>
         <size>0x1fc</size>
         <input_file_ref idref="fl-6"/>
      </object_component>
      <object_component id="oc-1ad">
         <name>.debug_info</name>
         <load_address>0x2f94</load_address>
         <run_address>0x2f94</run_address>
         <size>0x230</size>
         <input_file_ref idref="fl-6"/>
      </object_component>
      <object_component id="oc-cb">
         <name>.debug_info</name>
         <load_address>0x31c4</load_address>
         <run_address>0x31c4</run_address>
         <size>0x8b</size>
         <input_file_ref idref="fl-6"/>
      </object_component>
      <object_component id="oc-3d3">
         <name>.debug_info</name>
         <load_address>0x324f</load_address>
         <run_address>0x324f</run_address>
         <size>0x28a</size>
         <input_file_ref idref="fl-7"/>
      </object_component>
      <object_component id="oc-3d0">
         <name>.debug_info</name>
         <load_address>0x34d9</load_address>
         <run_address>0x34d9</run_address>
         <size>0xdc</size>
         <input_file_ref idref="fl-7"/>
      </object_component>
      <object_component id="oc-3ca">
         <name>.debug_info</name>
         <load_address>0x35b5</load_address>
         <run_address>0x35b5</run_address>
         <size>0x139</size>
         <input_file_ref idref="fl-7"/>
      </object_component>
      <object_component id="oc-2b1">
         <name>.debug_info</name>
         <load_address>0x36ee</load_address>
         <run_address>0x36ee</run_address>
         <size>0x204</size>
         <input_file_ref idref="fl-7"/>
      </object_component>
      <object_component id="oc-190">
         <name>.debug_info</name>
         <load_address>0x38f2</load_address>
         <run_address>0x38f2</run_address>
         <size>0x164</size>
         <input_file_ref idref="fl-8"/>
      </object_component>
      <object_component id="oc-206">
         <name>.debug_info</name>
         <load_address>0x3a56</load_address>
         <run_address>0x3a56</run_address>
         <size>0x2ff</size>
         <input_file_ref idref="fl-9"/>
      </object_component>
      <object_component id="oc-132">
         <name>.debug_info</name>
         <load_address>0x3d55</load_address>
         <run_address>0x3d55</run_address>
         <size>0x240</size>
         <input_file_ref idref="fl-9"/>
      </object_component>
      <object_component id="oc-490">
         <name>.debug_info</name>
         <load_address>0x3f95</load_address>
         <run_address>0x3f95</run_address>
         <size>0x26b</size>
         <input_file_ref idref="fl-9"/>
      </object_component>
      <object_component id="oc-33c">
         <name>.debug_info</name>
         <load_address>0x4200</load_address>
         <run_address>0x4200</run_address>
         <size>0x1ed</size>
         <input_file_ref idref="fl-9"/>
      </object_component>
      <object_component id="oc-327">
         <name>.debug_info</name>
         <load_address>0x43ed</load_address>
         <run_address>0x43ed</run_address>
         <size>0x1e5</size>
         <input_file_ref idref="fl-9"/>
      </object_component>
      <object_component id="oc-12c">
         <name>.debug_info</name>
         <load_address>0x45d2</load_address>
         <run_address>0x45d2</run_address>
         <size>0x218</size>
         <input_file_ref idref="fl-9"/>
      </object_component>
      <object_component id="oc-1fa">
         <name>.debug_info</name>
         <load_address>0x47ea</load_address>
         <run_address>0x47ea</run_address>
         <size>0x110</size>
         <input_file_ref idref="fl-9"/>
      </object_component>
      <object_component id="oc-239">
         <name>.debug_info</name>
         <load_address>0x48fa</load_address>
         <run_address>0x48fa</run_address>
         <size>0x7e6</size>
         <input_file_ref idref="fl-a"/>
      </object_component>
      <object_component id="oc-39d">
         <name>.debug_info</name>
         <load_address>0x50e0</load_address>
         <run_address>0x50e0</run_address>
         <size>0x2ba</size>
         <input_file_ref idref="fl-a"/>
      </object_component>
      <object_component id="oc-3a3">
         <name>.debug_info</name>
         <load_address>0x539a</load_address>
         <run_address>0x539a</run_address>
         <size>0x23a</size>
         <input_file_ref idref="fl-a"/>
      </object_component>
      <object_component id="oc-3b5">
         <name>.debug_info</name>
         <load_address>0x55d4</load_address>
         <run_address>0x55d4</run_address>
         <size>0x237</size>
         <input_file_ref idref="fl-a"/>
      </object_component>
      <object_component id="oc-29e">
         <name>.debug_info</name>
         <load_address>0x580b</load_address>
         <run_address>0x580b</run_address>
         <size>0x590</size>
         <input_file_ref idref="fl-a"/>
      </object_component>
      <object_component id="oc-3d5">
         <name>.debug_info</name>
         <load_address>0x5d9b</load_address>
         <run_address>0x5d9b</run_address>
         <size>0x238</size>
         <input_file_ref idref="fl-a"/>
      </object_component>
      <object_component id="oc-3db">
         <name>.debug_info</name>
         <load_address>0x5fd3</load_address>
         <run_address>0x5fd3</run_address>
         <size>0x2a0</size>
         <input_file_ref idref="fl-a"/>
      </object_component>
      <object_component id="oc-2b7">
         <name>.debug_info</name>
         <load_address>0x6273</load_address>
         <run_address>0x6273</run_address>
         <size>0x500</size>
         <input_file_ref idref="fl-a"/>
      </object_component>
      <object_component id="oc-52d">
         <name>.debug_info</name>
         <load_address>0x6773</load_address>
         <run_address>0x6773</run_address>
         <size>0x37b</size>
         <input_file_ref idref="fl-a"/>
      </object_component>
      <object_component id="oc-233">
         <name>.debug_info</name>
         <load_address>0x6aee</load_address>
         <run_address>0x6aee</run_address>
         <size>0x2be</size>
         <input_file_ref idref="fl-a"/>
      </object_component>
      <object_component id="oc-19a">
         <name>.debug_info</name>
         <load_address>0x6dac</load_address>
         <run_address>0x6dac</run_address>
         <size>0x316</size>
         <input_file_ref idref="fl-a"/>
      </object_component>
      <object_component id="oc-4e3">
         <name>.debug_info</name>
         <load_address>0x70c2</load_address>
         <run_address>0x70c2</run_address>
         <size>0x324</size>
         <input_file_ref idref="fl-a"/>
      </object_component>
      <object_component id="oc-43e">
         <name>.debug_info</name>
         <load_address>0x73e6</load_address>
         <run_address>0x73e6</run_address>
         <size>0x23e</size>
         <input_file_ref idref="fl-a"/>
      </object_component>
      <object_component id="oc-28c">
         <name>.debug_info</name>
         <load_address>0x7624</load_address>
         <run_address>0x7624</run_address>
         <size>0x247</size>
         <input_file_ref idref="fl-a"/>
      </object_component>
      <object_component id="oc-32e">
         <name>.debug_info</name>
         <load_address>0x786b</load_address>
         <run_address>0x786b</run_address>
         <size>0x1cd</size>
         <input_file_ref idref="fl-a"/>
      </object_component>
      <object_component id="oc-116">
         <name>.debug_info</name>
         <load_address>0x7a38</load_address>
         <run_address>0x7a38</run_address>
         <size>0x7a5</size>
         <input_file_ref idref="fl-b"/>
      </object_component>
      <object_component id="oc-92">
         <name>.debug_info</name>
         <load_address>0x81dd</load_address>
         <run_address>0x81dd</run_address>
         <size>0x323</size>
         <input_file_ref idref="fl-b"/>
      </object_component>
      <object_component id="oc-121">
         <name>.debug_info</name>
         <load_address>0x8500</load_address>
         <run_address>0x8500</run_address>
         <size>0x11f</size>
         <input_file_ref idref="fl-b"/>
      </object_component>
      <object_component id="oc-34d">
         <name>.debug_info</name>
         <load_address>0x861f</load_address>
         <run_address>0x861f</run_address>
         <size>0x11f</size>
         <input_file_ref idref="fl-b"/>
      </object_component>
      <object_component id="oc-350">
         <name>.debug_info</name>
         <load_address>0x873e</load_address>
         <run_address>0x873e</run_address>
         <size>0x11f</size>
         <input_file_ref idref="fl-b"/>
      </object_component>
      <object_component id="oc-137">
         <name>.debug_info</name>
         <load_address>0x885d</load_address>
         <run_address>0x885d</run_address>
         <size>0x161</size>
         <input_file_ref idref="fl-b"/>
      </object_component>
      <object_component id="oc-149">
         <name>.debug_info</name>
         <load_address>0x89be</load_address>
         <run_address>0x89be</run_address>
         <size>0x11f</size>
         <input_file_ref idref="fl-b"/>
      </object_component>
      <object_component id="oc-353">
         <name>.debug_info</name>
         <load_address>0x8add</load_address>
         <run_address>0x8add</run_address>
         <size>0x12d</size>
         <input_file_ref idref="fl-b"/>
      </object_component>
      <object_component id="oc-356">
         <name>.debug_info</name>
         <load_address>0x8c0a</load_address>
         <run_address>0x8c0a</run_address>
         <size>0x121</size>
         <input_file_ref idref="fl-b"/>
      </object_component>
      <object_component id="oc-126">
         <name>.debug_info</name>
         <load_address>0x8d2b</load_address>
         <run_address>0x8d2b</run_address>
         <size>0x1eb</size>
         <input_file_ref idref="fl-b"/>
      </object_component>
      <object_component id="oc-9f">
         <name>.debug_info</name>
         <load_address>0x8f16</load_address>
         <run_address>0x8f16</run_address>
         <size>0x2bb</size>
         <input_file_ref idref="fl-b"/>
      </object_component>
      <object_component id="oc-30f">
         <name>.debug_info</name>
         <load_address>0x91d1</load_address>
         <run_address>0x91d1</run_address>
         <size>0x282</size>
         <input_file_ref idref="fl-b"/>
      </object_component>
      <object_component id="oc-320">
         <name>.debug_info</name>
         <load_address>0x9453</load_address>
         <run_address>0x9453</run_address>
         <size>0x2a1</size>
         <input_file_ref idref="fl-b"/>
      </object_component>
      <object_component id="oc-4bf">
         <name>.debug_info</name>
         <load_address>0x96f4</load_address>
         <run_address>0x96f4</run_address>
         <size>0x26d</size>
         <input_file_ref idref="fl-b"/>
      </object_component>
      <object_component id="oc-3e3">
         <name>.debug_info</name>
         <load_address>0x9961</load_address>
         <run_address>0x9961</run_address>
         <size>0x240</size>
         <input_file_ref idref="fl-b"/>
      </object_component>
      <object_component id="oc-513">
         <name>.debug_info</name>
         <load_address>0x9ba1</load_address>
         <run_address>0x9ba1</run_address>
         <size>0x1de</size>
         <input_file_ref idref="fl-b"/>
      </object_component>
      <object_component id="oc-528">
         <name>.debug_info</name>
         <load_address>0x9d7f</load_address>
         <run_address>0x9d7f</run_address>
         <size>0x1ea</size>
         <input_file_ref idref="fl-b"/>
      </object_component>
      <object_component id="oc-293">
         <name>.debug_info</name>
         <load_address>0x9f69</load_address>
         <run_address>0x9f69</run_address>
         <size>0x3a3</size>
         <input_file_ref idref="fl-b"/>
      </object_component>
      <object_component id="oc-23d">
         <name>.debug_info</name>
         <load_address>0xa30c</load_address>
         <run_address>0xa30c</run_address>
         <size>0x2d1</size>
         <input_file_ref idref="fl-b"/>
      </object_component>
      <object_component id="oc-243">
         <name>.debug_info</name>
         <load_address>0xa5dd</load_address>
         <run_address>0xa5dd</run_address>
         <size>0x2d8</size>
         <input_file_ref idref="fl-b"/>
      </object_component>
      <object_component id="oc-255">
         <name>.debug_info</name>
         <load_address>0xa8b5</load_address>
         <run_address>0xa8b5</run_address>
         <size>0x26f</size>
         <input_file_ref idref="fl-b"/>
      </object_component>
      <object_component id="oc-1a1">
         <name>.debug_info</name>
         <load_address>0xab24</load_address>
         <run_address>0xab24</run_address>
         <size>0x484</size>
         <input_file_ref idref="fl-b"/>
      </object_component>
      <object_component id="oc-392">
         <name>.debug_info</name>
         <load_address>0xafa8</load_address>
         <run_address>0xafa8</run_address>
         <size>0x201</size>
         <input_file_ref idref="fl-b"/>
      </object_component>
      <object_component id="oc-398">
         <name>.debug_info</name>
         <load_address>0xb1a9</load_address>
         <run_address>0xb1a9</run_address>
         <size>0x2d5</size>
         <input_file_ref idref="fl-b"/>
      </object_component>
      <object_component id="oc-99">
         <name>.debug_info</name>
         <load_address>0xb47e</load_address>
         <run_address>0xb47e</run_address>
         <size>0x246</size>
         <input_file_ref idref="fl-b"/>
      </object_component>
      <object_component id="oc-304">
         <name>.debug_info</name>
         <load_address>0xb6c4</load_address>
         <run_address>0xb6c4</run_address>
         <size>0x1c1</size>
         <input_file_ref idref="fl-b"/>
      </object_component>
      <object_component id="oc-1a7">
         <name>.debug_info</name>
         <load_address>0xb885</load_address>
         <run_address>0xb885</run_address>
         <size>0x22f</size>
         <input_file_ref idref="fl-b"/>
      </object_component>
      <object_component id="oc-3aa">
         <name>.debug_info</name>
         <load_address>0xbab4</load_address>
         <run_address>0xbab4</run_address>
         <size>0x24c</size>
         <input_file_ref idref="fl-b"/>
      </object_component>
      <object_component id="oc-51f">
         <name>.debug_info</name>
         <load_address>0xbd00</load_address>
         <run_address>0xbd00</run_address>
         <size>0x319</size>
         <input_file_ref idref="fl-b"/>
      </object_component>
      <object_component id="oc-3b0">
         <name>.debug_info</name>
         <load_address>0xc019</load_address>
         <run_address>0xc019</run_address>
         <size>0x2ac</size>
         <input_file_ref idref="fl-b"/>
      </object_component>
      <object_component id="oc-bf">
         <name>.debug_info</name>
         <load_address>0xc2c5</load_address>
         <run_address>0xc2c5</run_address>
         <size>0x341</size>
         <input_file_ref idref="fl-b"/>
      </object_component>
      <object_component id="oc-488">
         <name>.debug_info</name>
         <load_address>0xc606</load_address>
         <run_address>0xc606</run_address>
         <size>0x1c3</size>
         <input_file_ref idref="fl-b"/>
      </object_component>
      <object_component id="oc-2be">
         <name>.debug_info</name>
         <load_address>0xc7c9</load_address>
         <run_address>0xc7c9</run_address>
         <size>0x346</size>
         <input_file_ref idref="fl-b"/>
      </object_component>
      <object_component id="oc-3bc">
         <name>.debug_info</name>
         <load_address>0xcb0f</load_address>
         <run_address>0xcb0f</run_address>
         <size>0x1e1</size>
         <input_file_ref idref="fl-b"/>
      </object_component>
      <object_component id="oc-468">
         <name>.debug_info</name>
         <load_address>0xccf0</load_address>
         <run_address>0xccf0</run_address>
         <size>0x200</size>
         <input_file_ref idref="fl-b"/>
      </object_component>
      <object_component id="oc-376">
         <name>.debug_info</name>
         <load_address>0xcef0</load_address>
         <run_address>0xcef0</run_address>
         <size>0x296</size>
         <input_file_ref idref="fl-b"/>
      </object_component>
      <object_component id="oc-26e">
         <name>.debug_info</name>
         <load_address>0xd186</load_address>
         <run_address>0xd186</run_address>
         <size>0x1f9</size>
         <input_file_ref idref="fl-b"/>
      </object_component>
      <object_component id="oc-151">
         <name>.debug_info</name>
         <load_address>0xd37f</load_address>
         <run_address>0xd37f</run_address>
         <size>0x169</size>
         <input_file_ref idref="fl-b"/>
      </object_component>
      <object_component id="oc-460">
         <name>.debug_info</name>
         <load_address>0xd4e8</load_address>
         <run_address>0xd4e8</run_address>
         <size>0x7ed</size>
         <input_file_ref idref="fl-c"/>
      </object_component>
      <object_component id="oc-444">
         <name>.debug_info</name>
         <load_address>0xdcd5</load_address>
         <run_address>0xdcd5</run_address>
         <size>0x101</size>
         <input_file_ref idref="fl-c"/>
      </object_component>
      <object_component id="oc-447">
         <name>.debug_info</name>
         <load_address>0xddd6</load_address>
         <run_address>0xddd6</run_address>
         <size>0x101</size>
         <input_file_ref idref="fl-c"/>
      </object_component>
      <object_component id="oc-44a">
         <name>.debug_info</name>
         <load_address>0xded7</load_address>
         <run_address>0xded7</run_address>
         <size>0x139</size>
         <input_file_ref idref="fl-c"/>
      </object_component>
      <object_component id="oc-367">
         <name>.debug_info</name>
         <load_address>0xe010</load_address>
         <run_address>0xe010</run_address>
         <size>0x125</size>
         <input_file_ref idref="fl-c"/>
      </object_component>
      <object_component id="oc-4f6">
         <name>.debug_info</name>
         <load_address>0xe135</load_address>
         <run_address>0xe135</run_address>
         <size>0x358</size>
         <input_file_ref idref="fl-c"/>
      </object_component>
      <object_component id="oc-35b">
         <name>.debug_info</name>
         <load_address>0xe48d</load_address>
         <run_address>0xe48d</run_address>
         <size>0x211</size>
         <input_file_ref idref="fl-c"/>
      </object_component>
      <object_component id="oc-261">
         <name>.debug_info</name>
         <load_address>0xe69e</load_address>
         <run_address>0xe69e</run_address>
         <size>0x1c8</size>
         <input_file_ref idref="fl-c"/>
      </object_component>
      <object_component id="oc-44f">
         <name>.debug_info</name>
         <load_address>0xe866</load_address>
         <run_address>0xe866</run_address>
         <size>0x1e5</size>
         <input_file_ref idref="fl-c"/>
      </object_component>
      <object_component id="oc-518">
         <name>.debug_info</name>
         <load_address>0xea4b</load_address>
         <run_address>0xea4b</run_address>
         <size>0x227</size>
         <input_file_ref idref="fl-c"/>
      </object_component>
      <object_component id="oc-369">
         <name>.debug_info</name>
         <load_address>0xec72</load_address>
         <run_address>0xec72</run_address>
         <size>0x24a</size>
         <input_file_ref idref="fl-c"/>
      </object_component>
      <object_component id="oc-4f0">
         <name>.debug_info</name>
         <load_address>0xeebc</load_address>
         <run_address>0xeebc</run_address>
         <size>0x2bd</size>
         <input_file_ref idref="fl-c"/>
      </object_component>
      <object_component id="oc-4e9">
         <name>.debug_info</name>
         <load_address>0xf179</load_address>
         <run_address>0xf179</run_address>
         <size>0x261</size>
         <input_file_ref idref="fl-c"/>
      </object_component>
      <object_component id="oc-455">
         <name>.debug_info</name>
         <load_address>0xf3da</load_address>
         <run_address>0xf3da</run_address>
         <size>0x30f</size>
         <input_file_ref idref="fl-c"/>
      </object_component>
      <object_component id="oc-45a">
         <name>.debug_info</name>
         <load_address>0xf6e9</load_address>
         <run_address>0xf6e9</run_address>
         <size>0x2b7</size>
         <input_file_ref idref="fl-c"/>
      </object_component>
      <object_component id="oc-361">
         <name>.debug_info</name>
         <load_address>0xf9a0</load_address>
         <run_address>0xf9a0</run_address>
         <size>0x1fc</size>
         <input_file_ref idref="fl-c"/>
      </object_component>
      <object_component id="oc-4fc">
         <name>.debug_info</name>
         <load_address>0xfb9c</load_address>
         <run_address>0xfb9c</run_address>
         <size>0x1ce</size>
         <input_file_ref idref="fl-c"/>
      </object_component>
      <object_component id="oc-119">
         <name>.debug_info</name>
         <load_address>0xfd6a</load_address>
         <run_address>0xfd6a</run_address>
         <size>0x3d5</size>
         <input_file_ref idref="fl-d"/>
      </object_component>
      <object_component id="oc-95">
         <name>.debug_info</name>
         <load_address>0x1013f</load_address>
         <run_address>0x1013f</run_address>
         <size>0x14d</size>
         <input_file_ref idref="fl-d"/>
      </object_component>
      <object_component id="oc-349">
         <name>.debug_info</name>
         <load_address>0x1028c</load_address>
         <run_address>0x1028c</run_address>
         <size>0x134</size>
         <input_file_ref idref="fl-d"/>
      </object_component>
      <object_component id="oc-43">
         <name>.debug_info</name>
         <load_address>0x103c0</load_address>
         <run_address>0x103c0</run_address>
         <size>0x221</size>
         <input_file_ref idref="fl-d"/>
      </object_component>
      <object_component id="oc-36e">
         <name>.debug_info</name>
         <load_address>0x105e1</load_address>
         <run_address>0x105e1</run_address>
         <size>0x212</size>
         <input_file_ref idref="fl-d"/>
      </object_component>
      <object_component id="oc-267">
         <name>.debug_info</name>
         <load_address>0x107f3</load_address>
         <run_address>0x107f3</run_address>
         <size>0x25a</size>
         <input_file_ref idref="fl-d"/>
      </object_component>
      <object_component id="oc-25b">
         <name>.debug_info</name>
         <load_address>0x10a4d</load_address>
         <run_address>0x10a4d</run_address>
         <size>0x204</size>
         <input_file_ref idref="fl-d"/>
      </object_component>
      <object_component id="oc-24f">
         <name>.debug_info</name>
         <load_address>0x10c51</load_address>
         <run_address>0x10c51</run_address>
         <size>0x206</size>
         <input_file_ref idref="fl-d"/>
      </object_component>
      <object_component id="oc-248">
         <name>.debug_info</name>
         <load_address>0x10e57</load_address>
         <run_address>0x10e57</run_address>
         <size>0x2bb</size>
         <input_file_ref idref="fl-d"/>
      </object_component>
      <object_component id="oc-342">
         <name>.debug_info</name>
[...]
      </handler>
   </handler_table>
   <symbol_table>
      <symbol id="sm-1">
         <name>__STACK_TOP</name>
         <value>0x20007980</value>
      </symbol>
      <symbol id="sm-2">
         <name>__TI_CINIT_Base</name>
         <value>0x2a48</value>
      </symbol>
      <symbol id="sm-3">
         <name>__TI_CINIT_Limit</name>
         <value>0x2a58</value>
      </symbol>
      <symbol id="sm-4">
         <name>__TI_Handler_Table_Base</name>
         <value>0x2a34</value>
      </symbol>
      <symbol id="sm-5">
         <name>__TI_Handler_Table_Limit</name>
         <value>0x2a40</value>
      </symbol>
      <symbol id="sm-6">
         <name>binit</name>
         <value>0xffffffff</value>
      </symbol>
      <symbol id="sm-7">
         <name>__binit__</name>
         <value>0xffffffff</value>
      </symbol>
      <symbol id="sm-8">
         <name>__STACK_SIZE</name>
         <value>0x200</value>
      </symbol>
      <symbol id="sm-9">
         <name>__STACK_END</name>
         <value>0x20007980</value>
      </symbol>
      <symbol id="sm-a">
         <name>__c_args__</name>
         <value>0xffffffff</value>
      </symbol>
      <symbol id="sm-b">
         <name>__TI_pprof_out_hndl</name>
         <value>0xffffffff</value>
      </symbol>
      <symbol id="sm-c">
         <name>__TI_prof_data_start</name>
         <value>0xffffffff</value>
      </symbol>
      <symbol id="sm-d">
         <name>__TI_prof_data_size</name>
         <value>0xffffffff</value>
      </symbol>
      <symbol id="sm-86">
         <name>mqTranslatedChars</name>
         <value>0x2000776c</value>
      </symbol>
      <symbol id="sm-87">
         <name>thFlashMorse</name>
         <value>0x20007770</value>
      </symbol>
      <symbol id="sm-88">
         <name>thGetAndTrans</name>
         <value>0x20007774</value>
      </symbol>
      <symbol id="sm-89">
         <name>vApplicationStackOverflowHook</name>
         <value>0x1d3b</value>
         <object_component_ref idref="oc-11a"/>
      </symbol>
      <symbol id="sm-8a">
         <name>main</name>
         <value>0xe45</value>
         <object_component_ref idref="oc-102"/>
      </symbol>
      <symbol id="sm-bb">
         <name>ResetISR</name>
         <value>0x2875</value>
         <object_component_ref idref="oc-24"/>
      </symbol>
      <symbol id="sm-bc">
         <name>g_pfnVectors</name>
         <value>0x0</value>
         <object_component_ref idref="oc-f"/>
      </symbol>
      <symbol id="sm-124">
         <name>unitDuration</name>
         <value>0x20007778</value>
      </symbol>
      <symbol id="sm-125">
         <name>GetAndTranslateTask</name>
         <value>0x1065</value>
         <object_component_ref idref="oc-1b3"/>
      </symbol>
      <symbol id="sm-126">
         <name>StartMorseTimer</name>
         <value>0x2399</value>
         <object_component_ref idref="oc-3c1"/>
      </symbol>
      <symbol id="sm-127">
         <name>FlashMorseTask</name>
         <value>0x154d</value>
         <object_component_ref idref="oc-1ac"/>
      </symbol>
      <symbol id="sm-128">
         <name>LEDWrite</name>
         <value>0xd89</value>
         <object_component_ref idref="oc-2a3"/>
      </symbol>
      <symbol id="sm-129">
         <name>myTimerIntHandler</name>
         <value>0x1655</value>
         <object_component_ref idref="oc-47"/>
      </symbol>
      <symbol id="sm-12a">
         <name>init_led_gpio</name>
         <value>0x20ad</value>
         <object_component_ref idref="oc-285"/>
      </symbol>
      <symbol id="sm-158">
         <name>DecodeString</name>
         <value>0x1111</value>
         <object_component_ref idref="oc-2b0"/>
      </symbol>
      <symbol id="sm-169">
         <name>ConfigureUART</name>
         <value>0x1999</value>
         <object_component_ref idref="oc-18d"/>
      </symbol>
      <symbol id="sm-19f">
         <name>uxListRemove</name>
         <value>0x25f1</value>
         <object_component_ref idref="oc-12a"/>
      </symbol>
      <symbol id="sm-1a0">
         <name>vListInsert</name>
         <value>0x2435</value>
         <object_component_ref idref="oc-48f"/>
      </symbol>
      <symbol id="sm-1a1">
         <name>vListInitialiseItem</name>
         <value>0x2881</value>
         <object_component_ref idref="oc-33a"/>
      </symbol>
      <symbol id="sm-1a2">
         <name>vListInsertEnd</name>
         <value>0x2731</value>
         <object_component_ref idref="oc-130"/>
      </symbol>
      <symbol id="sm-1a3">
         <name>vListInitialise</name>
         <value>0x267b</value>
         <object_component_ref idref="oc-325"/>
      </symbol>
      <symbol id="sm-260">
         <name>xQueueRegistry</name>
         <value>0x20007670</value>
      </symbol>
      <symbol id="sm-261">
         <name>xQueueGenericSendFromISR</name>
         <value>0x1e59</value>
         <object_component_ref idref="oc-52c"/>
      </symbol>
      <symbol id="sm-262">
         <name>uxQueueMessagesWaiting</name>
         <value>0x27c5</value>
         <object_component_ref idref="oc-28b"/>
      </symbol>
      <symbol id="sm-263">
         <name>vQueueAddToRegistry</name>
         <value>0x2499</value>
         <object_component_ref idref="oc-43d"/>
      </symbol>
      <symbol id="sm-264">
         <name>xQueueGenericCreate</name>
         <value>0x2219</value>
         <object_component_ref idref="oc-199"/>
      </symbol>
      <symbol id="sm-265">
         <name>xQueueGenericSend</name>
         <value>0x8e9</value>
         <object_component_ref idref="oc-2b6"/>
      </symbol>
      <symbol id="sm-266">
         <name>xQueueGenericReset</name>
         <value>0x18b5</value>
         <object_component_ref idref="oc-232"/>
      </symbol>
      <symbol id="sm-267">
         <name>xQueueGenericReceive</name>
         <value>0x5a9</value>
         <object_component_ref idref="oc-29d"/>
      </symbol>
      <symbol id="sm-268">
         <name>vQueueWaitForMessageRestricted</name>
         <value>0x229b</value>
         <object_component_ref idref="oc-4e2"/>
      </symbol>
      <symbol id="sm-475">
         <name>vTaskSuspendAll</name>
         <value>0x27f9</value>
         <object_component_ref idref="oc-302"/>
      </symbol>
      <symbol id="sm-476">
         <name>vTaskPriorityInherit</name>
         <value>0x1391</value>
         <object_component_ref idref="oc-3a8"/>
      </symbol>
      <symbol id="sm-477">
         <name>vTaskPlaceOnEventList</name>
         <value>0x1f0d</value>
         <object_component_ref idref="oc-3ae"/>
      </symbol>
      <symbol id="sm-478">
         <name>ulTaskNotifyTake</name>
         <value>0xfb5</value>
         <object_component_ref idref="oc-2bc"/>
      </symbol>
      <symbol id="sm-479">
         <name>xTaskCheckForTimeOut</name>
         <value>0x1d9d</value>
         <object_component_ref idref="oc-396"/>
      </symbol>
      <symbol id="sm-47a">
         <name>xTaskPriorityDisinherit</name>
         <value>0x15d1</value>
         <object_component_ref idref="oc-4bd"/>
      </symbol>
      <symbol id="sm-47b">
         <name>vTaskStartScheduler</name>
         <value>0x1c0d</value>
         <object_component_ref idref="oc-1a5"/>
      </symbol>
      <symbol id="sm-47c">
         <name>pvTaskIncrementMutexHeldCount</name>
         <value>0x2719</value>
         <object_component_ref idref="oc-3ba"/>
      </symbol>
      <symbol id="sm-47d">
         <name>xTaskGenericNotify</name>
         <value>0xf01</value>
         <object_component_ref idref="oc-291"/>
      </symbol>
      <symbol id="sm-47e">
         <name>vTaskMissedYield</name>
         <value>0x283d</value>
         <object_component_ref idref="oc-486"/>
      </symbol>
      <symbol id="sm-47f">
         <name>xTaskResumeAll</name>
         <value>0xae1</value>
         <object_component_ref idref="oc-30e"/>
      </symbol>
      <symbol id="sm-480">
         <name>xTaskGetTickCount</name>
         <value>0x2849</value>
         <object_component_ref idref="oc-511"/>
      </symbol>
      <symbol id="sm-481">
         <name>xTaskGenericCreate</name>
         <value>0x9e5</value>
         <object_component_ref idref="oc-19f"/>
      </symbol>
      <symbol id="sm-482">
         <name>pxCurrentTCB</name>
         <value>0x20007a64</value>
         <object_component_ref idref="oc-91"/>
      </symbol>
      <symbol id="sm-483">
         <name>vTaskNotifyGiveFromISR</name>
         <value>0x14bd</value>
         <object_component_ref idref="oc-bd"/>
      </symbol>
      <symbol id="sm-484">
         <name>vTaskPlaceOnEventListRestricted</name>
         <value>0x1f65</value>
         <object_component_ref idref="oc-51d"/>
      </symbol>
      <symbol id="sm-485">
         <name>vTaskSetTimeOutState</name>
         <value>0x2761</value>
         <object_component_ref idref="oc-390"/>
      </symbol>
      <symbol id="sm-486">
         <name>xTaskIncrementTick</name>
         <value>0x7e1</value>
         <object_component_ref idref="oc-9e"/>
      </symbol>
      <symbol id="sm-487">
         <name>vTaskSwitchContext</name>
         <value>0x1429</value>
         <object_component_ref idref="oc-97"/>
      </symbol>
      <symbol id="sm-488">
         <name>xTaskGetSchedulerState</name>
         <value>0x263d</value>
         <object_component_ref idref="oc-526"/>
      </symbol>
      <symbol id="sm-489">
         <name>xTaskRemoveFromEventList</name>
         <value>0x17c5</value>
         <object_component_ref idref="oc-31f"/>
      </symbol>
      <symbol id="sm-555">
         <name>xTimerCreateTimerTask</name>
         <value>0x21d5</value>
         <object_component_ref idref="oc-260"/>
      </symbol>
      <symbol id="sm-556">
         <name>xTimerGenericCommand</name>
         <value>0x1fbd</value>
         <object_component_ref idref="oc-4f5"/>
      </symbol>
      <symbol id="sm-5b2">
         <name>ulMaxSyscallInterruptPriority</name>
         <value>0x299c</value>
         <object_component_ref idref="oc-94"/>
      </symbol>
      <symbol id="sm-5b3">
         <name>vPortSetupTimerInterrupt</name>
         <value>0x278d</value>
         <object_component_ref idref="oc-36d"/>
      </symbol>
      <symbol id="sm-5b4">
         <name>xPortSysTickHandler</name>
         <value>0x2521</value>
         <object_component_ref idref="oc-41"/>
      </symbol>
      <symbol id="sm-5b5">
         <name>pxPortInitialiseStack</name>
         <value>0x25c9</value>
         <object_component_ref idref="oc-247"/>
      </symbol>
      <symbol id="sm-5b6">
         <name>vPortExitCritical</name>
         <value>0x2749</value>
         <object_component_ref idref="oc-259"/>
      </symbol>
      <symbol id="sm-5b7">
         <name>xPortStartScheduler</name>
         <value>0x22dd</value>
         <object_component_ref idref="oc-266"/>
      </symbol>
      <symbol id="sm-5b8">
         <name>vPortEnterCritical</name>
         <value>0x2699</value>
         <object_component_ref idref="oc-24d"/>
      </symbol>
      <symbol id="sm-5c7">
         <name>vPortStartFirstTask</name>
         <value>0xd5d</value>
         <object_component_ref idref="oc-3c"/>
      </symbol>
      <symbol id="sm-5c8">
         <name>ulPortGetIPSR</name>
         <value>0xcc5</value>
         <object_component_ref idref="oc-3c"/>
      </symbol>
      <symbol id="sm-5c9">
         <name>vPortEnableVFP</name>
         <value>0xd79</value>
         <object_component_ref idref="oc-3c"/>
      </symbol>
      <symbol id="sm-5ca">
         <name>xPortPendSVHandler</name>
         <value>0xcdd</value>
         <object_component_ref idref="oc-3c"/>
      </symbol>
      <symbol id="sm-5cb">
         <name>vPortSVCHandler</name>
         <value>0xd3d</value>
         <object_component_ref idref="oc-3c"/>
      </symbol>
      <symbol id="sm-621">
         <name>pvPortMalloc</name>
         <value>0x11b9</value>
         <object_component_ref idref="oc-22c"/>
      </symbol>
      <symbol id="sm-622">
         <name>vPortFree</name>
         <value>0x235d</value>
         <object_component_ref idref="oc-333"/>
      </symbol>
      <symbol id="sm-6af">
         <name>UARTgets</name>
         <value>0x1259</value>
         <object_component_ref idref="oc-2aa"/>
      </symbol>
      <symbol id="sm-6b0">
         <name>UARTStdioConfig</name>
         <value>0x1ad5</value>
         <object_component_ref idref="oc-218"/>
      </symbol>
      <symbol id="sm-6b1">
         <name>UARTwrite</name>
         <value>0x2061</value>
         <object_component_ref idref="oc-2f1"/>
      </symbol>
      <symbol id="sm-6b2">
         <name>UARTprintf</name>
         <value>0x26b5</value>
         <object_component_ref idref="oc-193"/>
      </symbol>
      <symbol id="sm-6b3">
         <name>UARTvprintf</name>
         <value>0x26d</value>
         <object_component_ref idref="oc-21f"/>
      </symbol>
      <symbol id="sm-6c3">
         <name>__aeabi_memset</name>
         <value>0x16d3</value>
         <object_component_ref idref="oc-f6"/>
      </symbol>
      <symbol id="sm-6c4">
         <name>memset</name>
         <value>0x16d9</value>
         <object_component_ref idref="oc-f6"/>
      </symbol>
      <symbol id="sm-6c5">
         <name>__aeabi_memset8</name>
         <value>0x16d3</value>
         <object_component_ref idref="oc-f6"/>
      </symbol>
      <symbol id="sm-6c6">
         <name>__aeabi_memset4</name>
         <value>0x16d3</value>
         <object_component_ref idref="oc-f6"/>
      </symbol>
      <symbol id="sm-6c7">
         <name>__aeabi_memclr8</name>
         <value>0x16d1</value>
         <object_component_ref idref="oc-f6"/>
      </symbol>
      <symbol id="sm-6c8">
         <name>__aeabi_memclr4</name>
         <value>0x16d1</value>
         <object_component_ref idref="oc-f6"/>
      </symbol>
      <symbol id="sm-6c9">
         <name>__aeabi_memclr</name>
         <value>0x16d1</value>
         <object_component_ref idref="oc-f6"/>
      </symbol>
      <symbol id="sm-6e5">
         <name>memcpy</name>
         <value>0x12f5</value>
         <object_component_ref idref="oc-5b"/>
      </symbol>
      <symbol id="sm-6e6">
         <name>__aeabi_memcpy</name>
         <value>0x12f5</value>
         <object_component_ref idref="oc-5b"/>
      </symbol>
      <symbol id="sm-6e7">
         <name>__aeabi_memcpy8</name>
         <value>0x12f5</value>
         <object_component_ref idref="oc-5b"/>
      </symbol>
      <symbol id="sm-6e8">
         <name>__aeabi_memcpy4</name>
         <value>0x12f5</value>
         <object_component_ref idref="oc-5b"/>
      </symbol>
      <symbol id="sm-6f7">
         <name>__aeabi_uidivmod</name>
         <value>0x225b</value>
         <object_component_ref idref="oc-2f7"/>
      </symbol>
      <symbol id="sm-6f8">
         <name>__aeabi_uidiv</name>
         <value>0x225b</value>
         <object_component_ref idref="oc-2f7"/>
      </symbol>
      <symbol id="sm-70f">
         <name>__TI_zero_init</name>
         <value>0x2831</value>
         <object_component_ref idref="oc-6d"/>
      </symbol>
      <symbol id="sm-726">
         <name>__TI_decompress_none</name>
         <value>0x2817</value>
         <object_component_ref idref="oc-18"/>
      </symbol>
      <symbol id="sm-749">
         <name>__TI_decompress_lzss</name>
         <value>0x1b3d</value>
         <object_component_ref idref="oc-12"/>
      </symbol>
      <symbol id="sm-75c">
         <name>__stack</name>
         <value>0x20007780</value>
         <object_component_ref idref="oc-21"/>
      </symbol>
      <symbol id="sm-75d">
         <name>_c_int00_noargs</name>
         <value>0x2401</value>
         <object_component_ref idref="oc-79"/>
      </symbol>
      <symbol id="sm-767">
         <name>__aeabi_idiv0</name>
         <value>0x18b3</value>
         <object_component_ref idref="oc-412"/>
      </symbol>
      <symbol id="sm-768">
         <name>__aeabi_ldiv0</name>
         <value>0x18b3</value>
         <object_component_ref idref="oc-412"/>
      </symbol>
      <symbol id="sm-790">
         <name>__TI_auto_init_nobinit_nopinit</name>
         <value>0x2191</value>
         <object_component_ref idref="oc-1c6"/>
      </symbol>
      <symbol id="sm-79a">
         <name>_system_pre_init</name>
         <value>0x288b</value>
         <object_component_ref idref="oc-fc"/>
      </symbol>
      <symbol id="sm-7a6">
         <name>C$$EXIT</name>
         <value>0x288f</value>
         <object_component_ref idref="oc-1ba"/>
      </symbol>
      <symbol id="sm-7a7">
         <name>abort</name>
         <value>0x288f</value>
         <object_component_ref idref="oc-1ba"/>
      </symbol>
      <symbol id="sm-7d5">
         <name>GPIOPinTypeGPIOOutput</name>
         <value>0x26e9</value>
         <object_component_ref idref="oc-385"/>
      </symbol>
      <symbol id="sm-7d6">
         <name>GPIODirModeSet</name>
         <value>0x254d</value>
         <object_component_ref idref="oc-47b"/>
      </symbol>
      <symbol id="sm-7d7">
         <name>GPIOPinWrite</name>
         <value>0x286f</value>
         <object_component_ref idref="oc-297"/>
      </symbol>
      <symbol id="sm-7d8">
         <name>GPIOPadConfigSet</name>
         <value>0x475</value>
         <object_component_ref idref="oc-475"/>
      </symbol>
      <symbol id="sm-81b">
         <name>IntEnable</name>
         <value>0x1a6d</value>
         <object_component_ref idref="oc-4a4"/>
      </symbol>
      <symbol id="sm-81c">
         <name>IntDisable</name>
         <value>0x1a05</value>
         <object_component_ref idref="oc-b1"/>
      </symbol>
      <symbol id="sm-81d">
         <name>IntMasterEnable</name>
         <value>0x27d7</value>
         <object_component_ref idref="oc-27f"/>
      </symbol>
      <symbol id="sm-857">
         <name>SysCtlPeripheralEnable</name>
         <value>0x23cd</value>
         <object_component_ref idref="oc-273"/>
      </symbol>
      <symbol id="sm-858">
         <name>SysCtlClockGet</name>
         <value>0x6d1</value>
         <object_component_ref idref="oc-498"/>
      </symbol>
      <symbol id="sm-89e">
         <name>TimerLoadSet</name>
         <value>0x27a1</value>
         <object_component_ref idref="oc-49e"/>
      </symbol>
      <symbol id="sm-89f">
         <name>TimerDisable</name>
         <value>0x2701</value>
         <object_component_ref idref="oc-b7"/>
      </symbol>
      <symbol id="sm-8a0">
         <name>TimerEnable</name>
         <value>0x2809</value>
         <object_component_ref idref="oc-4b0"/>
      </symbol>
      <symbol id="sm-8a1">
         <name>TimerIntDisable</name>
         <value>0x2855</value>
         <object_component_ref idref="oc-ab"/>
      </symbol>
      <symbol id="sm-8a2">
         <name>TimerIntEnable</name>
         <value>0x285f</value>
         <object_component_ref idref="oc-4aa"/>
      </symbol>
      <symbol id="sm-8a3">
         <name>TimerConfigure</name>
         <value>0x1d3d</value>
         <object_component_ref idref="oc-279"/>
      </symbol>
      <symbol id="sm-8a4">
         <name>TimerIntClear</name>
         <value>0x2887</value>
         <object_component_ref idref="oc-a5"/>
      </symbol>
      <symbol id="sm-8b1">
         <name>UARTClockSourceSet</name>
         <value>0x287b</value>
         <object_component_ref idref="oc-212"/>
      </symbol>
      <symbol id="sm-8bb">
         <name>CPUcpsie</name>
         <value>0x2825</value>
         <object_component_ref idref="oc-37e"/>
      </symbol>
      <symbol id="sm-8bc">
         <name>__TI_static_base__</name>
         <value>0x0</value>
      </symbol>
      <symbol id="sm-8bf">
         <name>__mpu_init</name>
         <value>0x0</value>
      </symbol>
      <symbol id="sm-8c0">
         <name>_system_post_cinit</name>
         <value>0x0</value>
      </symbol>
   </symbol_table>
   <title>Link successful</title>
</link_info>
